== nearest existing operation (print the workqueue dict) ==
{'collection': ['testing/test_timeout.py::test_1', 'testing/test_timeout.py::test_2'], 'dist': 'loadgroup', 'workqueue': {'testing/test_timeout.py::test_1': {'testing/test_timeout.py::test_1': True}, 'testing/test_timeout.py::test_2': {'testing/test_timeout.py::test_2': False}}}

(indexes still a hand join; emptyunit groups by dist then names assign-burst send () vs hang_risk)

== emptyunit ingest of that dump (loadgroup crash after test_1) ==
collection	testing/test_timeout.py::test_1	testing/test_timeout.py::test_2
dist	loadgroup
pending	1
requeued	yes
completed_only_n	1
completed_only	testing/test_timeout.py::test_1
incomplete_scopes	testing/test_timeout.py::test_2
first_assigned	testing/test_timeout.py::test_1
would_send	()
assigned	testing/test_timeout.py::test_1
reschedule	no
hang_unit	testing/test_timeout.py::test_1
hang_risk	yes
scopes_n	2
scope	testing/test_timeout.py::test_1
items	testing/test_timeout.py::test_1
completed	testing/test_timeout.py::test_1
incomplete	-
missing	-
send	()
empty_send	yes
completed_only_unit	yes
scope	testing/test_timeout.py::test_2
items	testing/test_timeout.py::test_2
completed	-
incomplete	testing/test_timeout.py::test_2
missing	-
send	(1)
empty_send	no
completed_only_unit	no
rc:1

== emptyunit print(workqueue) OrderedDict ==
collection	testing/test_timeout.py::test_1	testing/test_timeout.py::test_2
dist	loadgroup
pending	1
requeued	yes
completed_only_n	1
completed_only	testing/test_timeout.py::test_1
incomplete_scopes	testing/test_timeout.py::test_2
first_assigned	testing/test_timeout.py::test_1
would_send	()
assigned	testing/test_timeout.py::test_1
reschedule	no
hang_unit	testing/test_timeout.py::test_1
hang_risk	yes
scopes_n	2
scope	testing/test_timeout.py::test_1
items	testing/test_timeout.py::test_1
completed	testing/test_timeout.py::test_1
incomplete	-
missing	-
send	()
empty_send	yes
completed_only_unit	yes
scope	testing/test_timeout.py::test_2
items	testing/test_timeout.py::test_2
completed	-
incomplete	testing/test_timeout.py::test_2
missing	-
send	(1)
empty_send	no
completed_only_unit	no
rc:1

== emptyunit unseen mixed incomplete (loadscope) ==
collection	mod.py::test_a	mod.py::test_b	mod.py::test_c
dist	loadscope
pending	2
requeued	yes
completed_only_n	0
completed_only	-
incomplete_scopes	mod.py
first_assigned	mod.py
would_send	(1,2)
assigned	mod.py
reschedule	no
hang_unit	-
hang_risk	no
scopes_n	1
scope	mod.py
items	mod.py::test_a	mod.py::test_b	mod.py::test_c
completed	mod.py::test_a
incomplete	mod.py::test_b	mod.py::test_c
missing	-
send	(1,2)
empty_send	no
completed_only_unit	no
rc:0

== emptyunit two scopes done-first (first assign is empty send) ==
collection	done.py::t	live.py::u
dist	loadgroup
pending	1
requeued	yes
completed_only_n	1
completed_only	done.py::t
incomplete_scopes	live.py::u
first_assigned	done.py::t
would_send	()
assigned	done.py::t
reschedule	no
hang_unit	done.py::t
hang_risk	yes
scopes_n	2
scope	done.py::t
items	done.py::t
completed	done.py::t
incomplete	-
missing	-
send	()
empty_send	yes
completed_only_unit	yes
scope	live.py::u
items	live.py::u
completed	-
incomplete	live.py::u
missing	-
send	(1)
empty_send	no
completed_only_unit	no
rc:1

== emptyunit two scopes live-first (reschedule second is empty send) ==
collection	done.py::t	live.py::u
dist	loadgroup
pending	1
requeued	yes
completed_only_n	1
completed_only	done.py::t
incomplete_scopes	live.py::u
first_assigned	live.py::u
would_send	(1)
assigned	live.py::u	done.py::t
reschedule	yes
hang_unit	done.py::t
hang_risk	yes
scopes_n	2
scope	live.py::u
items	live.py::u
completed	-
incomplete	live.py::u
missing	-
send	(1)
empty_send	no
completed_only_unit	no
scope	done.py::t
items	done.py::t
completed	done.py::t
incomplete	-
missing	-
send	()
empty_send	yes
completed_only_unit	yes
rc:1

== emptyunit pending=2 then completed-only (watermark assigns second) ==
collection	a.py::t1	a.py::t2	b.py::t
dist	loadscope
pending	2
requeued	yes
completed_only_n	1
completed_only	b.py
incomplete_scopes	a.py
first_assigned	a.py
would_send	(0,1)
assigned	a.py	b.py
reschedule	yes
hang_unit	b.py
hang_risk	yes
scopes_n	2
scope	a.py
items	a.py::t1	a.py::t2
completed	-
incomplete	a.py::t1	a.py::t2
missing	-
send	(0,1)
empty_send	no
completed_only_unit	no
scope	b.py
items	b.py::t
completed	b.py::t
incomplete	-
missing	-
send	()
empty_send	yes
completed_only_unit	yes
rc:1

== emptyunit pending=3 then completed-only (watermark holds second) ==
collection	a.py::t1	a.py::t2	a.py::t3	b.py::t
dist	loadscope
pending	3
requeued	yes
completed_only_n	1
completed_only	b.py
incomplete_scopes	a.py
first_assigned	a.py
would_send	(0,1,2)
assigned	a.py
reschedule	no
hang_unit	-
hang_risk	no
scopes_n	2
scope	a.py
items	a.py::t1	a.py::t2	a.py::t3
completed	-
incomplete	a.py::t1	a.py::t2	a.py::t3
missing	-
send	(0,1,2)
empty_send	no
completed_only_unit	no
scope	b.py
items	b.py::t
completed	b.py::t
incomplete	-
missing	-
send	()
empty_send	yes
completed_only_unit	yes
rc:0

== emptyunit handwritten module-both-done rec (regrouped, not the hang) ==
collection	testing/test_timeout.py::test_1	testing/test_timeout.py::test_2
dist	loadgroup
pending	0
requeued	no
completed_only_n	2
completed_only	testing/test_timeout.py::test_1	testing/test_timeout.py::test_2
incomplete_scopes	-
first_assigned	-
would_send	-
assigned	-
reschedule	no
hang_unit	-
hang_risk	no
scopes_n	2
scope	testing/test_timeout.py::test_1
items	testing/test_timeout.py::test_1
completed	testing/test_timeout.py::test_1
incomplete	-
missing	-
send	()
empty_send	yes
completed_only_unit	yes
scope	testing/test_timeout.py::test_2
items	testing/test_timeout.py::test_2
completed	testing/test_timeout.py::test_2
incomplete	-
missing	-
send	()
empty_send	yes
completed_only_unit	yes
rc:0

== emptyunit hang log (refused) ==
emptyunit: /Users/annenpolka/.grok/worktrees/annenpolka-brrr/candidate-emptyunit-emptyunit/candidate-emptyunit/fixtures/hang_log.txt: not a workqueue dump (hang log)
rc:1

== emptyunit loadscope both done (not requeued) ==
collection	testing/test_timeout.py::test_1	testing/test_timeout.py::test_2
dist	loadscope
pending	0
requeued	no
completed_only_n	1
completed_only	testing/test_timeout.py
incomplete_scopes	-
first_assigned	-
would_send	-
assigned	-
reschedule	no
hang_unit	-
hang_risk	no
scopes_n	1
scope	testing/test_timeout.py
items	testing/test_timeout.py::test_1	testing/test_timeout.py::test_2
completed	testing/test_timeout.py::test_1	testing/test_timeout.py::test_2
incomplete	-
missing	-
send	()
empty_send	yes
completed_only_unit	yes
rc:0

== same tests loadgroup (no caller regroup) ==
collection	mod.py::a	mod.py::b
dist	loadgroup
pending	1
requeued	yes
completed_only_n	1
completed_only	mod.py::a
incomplete_scopes	mod.py::b
first_assigned	mod.py::a
would_send	()
assigned	mod.py::a
reschedule	no
hang_unit	mod.py::a
hang_risk	yes
scopes_n	2
scope	mod.py::a
items	mod.py::a
completed	mod.py::a
incomplete	-
missing	-
send	()
empty_send	yes
completed_only_unit	yes
scope	mod.py::b
items	mod.py::b
completed	-
incomplete	mod.py::b
missing	-
send	(1)
empty_send	no
completed_only_unit	no
rc:1

== same tests loadscope (no caller regroup) ==
collection	mod.py::a	mod.py::b
dist	loadscope
pending	1
requeued	yes
completed_only_n	0
completed_only	-
incomplete_scopes	mod.py
first_assigned	mod.py
would_send	(1)
assigned	mod.py
reschedule	no
hang_unit	-
hang_risk	no
scopes_n	1
scope	mod.py
items	mod.py::a	mod.py::b
completed	mod.py::a
incomplete	mod.py::b
missing	-
send	(1)
empty_send	no
completed_only_unit	no
rc:0

