      97 ./anima-prompt/SKILL.md
     119 ./syntax-reference/SKILL.md
     219 ./constraint-as-output/SKILL.md
     360 ./claim-extractor/SKILL.md
     337 ./stratal/SKILL.md
     176 ./godoku/SKILL.md
     397 ./codebase-investigator/SKILL.md
     243 ./execplan-manager/SKILL.md
     440 ./deep-research/SKILL.md
     277 ./learn-quiz/SKILL.md
     262 ./emergent-engine/SKILL.md
     614 ./assertion-descent/SKILL.md
     136 ./autoresearch-loop/SKILL.md
     346 ./scene-walker/SKILL.md
     365 ./kinsoku/SKILL.md
     163 ./decision-forensics/skills/decision-forensics/SKILL.md
     162 ./character-dna/SKILL.md
     437 ./discomfort-engine/SKILL.md
      92 ./spec-interview/SKILL.md
     427 ./opinionated-lens/SKILL.md
     200 ./debug-mode/SKILL.md
     112 ./microcommit-protocol/SKILL.md
     142 ./microstitch/SKILL.md
    6123 total
