NIGH       app.rs:5213  s contains 'edited'
           no exact producer; nearest vocabulary grazes the cut
           NIGH   'EDITOR'  app/file_view.rs:243  (typo d=2)
           NIGH   'Edit'  app.rs:5433  (typo d=2)
           NIGH   'edit a'  git.rs:500  (typo d=2)
           NIGH   'edit b'  git.rs:501  (typo d=2)
           NIGH   'editor'  config.rs:125  (typo d=2)

NIGH       git.rs:922  msg contains 'git apply'
           no exact producer; nearest vocabulary grazes the cut
           NIGH   'apply'  git/revert.rs:40  (affix d=4)

NIGH       git.rs:966  diff contains '+alpha'
           no exact producer; nearest vocabulary grazes the cut
           NIGH   'alpha'  app.rs:1350  (inflection d=0)

NIGH       git.rs:970  diff contains '+beta'
           no exact producer; nearest vocabulary grazes the cut
           NIGH   'beta'  app.rs:1350  (inflection d=0)

NIGH       hook/tests.rs:227  ctx contains 'src/foo.rs:10'
           no exact producer; nearest vocabulary grazes the cut
           NIGH   'src/foo.rs'  app.rs:4077  (affix d=3)
           family 'src/Auth.rs'@app.rs:2618, 'src/handler.rs'@app.rs:2619, 'src/Auth.rs'@app.rs:2628, 'src/main.rs'@app.rs:3929

NIGH       hook/tests.rs:243  ctx contains 'src/foo.rs:5'
           no exact producer; nearest vocabulary grazes the cut
           NIGH   'src/foo.rs'  app.rs:4077  (affix d=2)
           family 'src/Auth.rs'@app.rs:2618, 'src/handler.rs'@app.rs:2619, 'src/Auth.rs'@app.rs:2628, 'src/main.rs'@app.rs:3929

NIGH       hook/tests.rs:260  ctx contains 'lib.py:3'
           no exact producer; nearest vocabulary grazes the cut
           NIGH   'lib.py'  hook/tests.rs:251  (affix d=2)
           family 'lib.rs'@app.rs:3977, 'lib.rs'@app.rs:3984, 'lib.rs'@app.rs:4105, 'lib.rs'@app.rs:4791

NIGH       hook/tests.rs:372  json contains '"content"'
           no exact producer; nearest vocabulary grazes the cut
           NIGH   'content'  hook/tests.rs:13  (inflection d=0)

NIGH       hook/tests.rs:378  json contains '"session_id"'
           no exact producer; nearest vocabulary grazes the cut
           NIGH   'session_id'  hook/tests.rs:10  (inflection d=0)

NIGH       hook/tests.rs:379  json contains '"tool_name"'
           no exact producer; nearest vocabulary grazes the cut
           NIGH   'tool_name'  hook/tests.rs:12  (inflection d=0)

NIGH       prompt.rs:36  c == 'x1b'
           no exact producer; nearest vocabulary grazes the cut
           NIGH   'x1'  app.rs:2340  (typo d=1)
           NIGH   ' b'  app.rs:1747  (typo d=2)
           NIGH   '-b'  watcher/tests.rs:363  (typo d=2)
           NIGH   ':1,'  init/tests.rs:556  (typo d=2)
           NIGH   'Tab'  ui/overlays.rs:75  (typo d=2)

NIGH       prompt.rs:78  c == 'x1b'
           no exact producer; nearest vocabulary grazes the cut
           NIGH   'x1'  app.rs:2340  (typo d=1)
           NIGH   ' b'  app.rs:1747  (typo d=2)
           NIGH   '-b'  watcher/tests.rs:363  (typo d=2)
           NIGH   ':1,'  init/tests.rs:556  (typo d=2)
           NIGH   'Tab'  ui/overlays.rs:75  (typo d=2)

NIGH       scar.rs:510  path in ['Makefile', 'Dockerfile', 'LICENSE', 'README']
           no exact producer; nearest vocabulary grazes the cut
           NIGH   'read'  app.rs:3905  (typo d=2)
           NIGH   'README.md'  scar.rs:457  (affix d=3)

NIGH       stream.rs:95  raw startswith '---'
           no exact producer; nearest vocabulary grazes the cut
           NIGH   '--'  attach.rs:61  (typo d=1)
           NIGH   '-->'  hook/scan.rs:83  (typo d=1)
           NIGH   '--:--'  ui.rs:67  (typo d=2)
           NIGH   '-b'  watcher/tests.rs:363  (typo d=2)
           NIGH   '-c'  attach.rs:215  (typo d=2)

NIGH       stream.rs:96  raw startswith '+++'
           no exact producer; nearest vocabulary grazes the cut
           NIGH   '+2'  app.rs:4781  (typo d=2)
           NIGH   '+3'  app.rs:4758  (typo d=2)
           NIGH   '+42'  app.rs:4722  (typo d=2)
           NIGH   '+7'  app.rs:4729  (typo d=2)

NIGH       stream.rs:97  raw startswith 'index '
           no exact producer; nearest vocabulary grazes the cut
           NIGH   'index'  watcher/tests.rs:454  (inflection d=0)

NIGH       stream.rs:179  second endswith ' Edit'
           no exact producer; nearest vocabulary grazes the cut
           NIGH   'Edit'  app.rs:5433  (inflection d=0)
           NIGH   'edits'  hook/input.rs:47  (typo d=2)

NIGH       ui/tests.rs:362  view contains ' 10 '
           no exact producer; nearest vocabulary grazes the cut
           NIGH   ':10}],'  init/tests.rs:556  (inflection d=0)
           NIGH   ':10}]}}'  init/tests.rs:556  (inflection d=0)
           NIGH   '  '  ui/diff_view.rs:466  (typo d=2)
           NIGH   '   '  app.rs:4768  (typo d=2)
           NIGH   ' / '  ui/footer.rs:110  (typo d=2)

NIGH       ui/tests.rs:403  view contains ' 10 '
           no exact producer; nearest vocabulary grazes the cut
           NIGH   ':10}],'  init/tests.rs:556  (inflection d=0)
           NIGH   ':10}]}}'  init/tests.rs:556  (inflection d=0)
           NIGH   '  '  ui/diff_view.rs:466  (typo d=2)
           NIGH   '   '  app.rs:4768  (typo d=2)
           NIGH   ' / '  ui/footer.rs:110  (typo d=2)

NIGH       ui/tests.rs:664  view contains '+ADDED_LINE'
           no exact producer; nearest vocabulary grazes the cut
           NIGH   'ADDED_LINE'  ui/tests.rs:657  (inflection d=0)

NIGH       ui/tests.rs:668  view contains '-DELETED_LINE'
           no exact producer; nearest vocabulary grazes the cut
           NIGH   'DELETED_LINE'  ui/tests.rs:658  (inflection d=0)

NIGH       ui/tests.rs:904  footer contains 'w wrap'
           no exact producer; nearest vocabulary grazes the cut
           NIGH   'wrap'  ui/footer.rs:166  (affix d=2)
           NIGH   'nowrap'  ui/footer.rs:166  (typo d=2)

NIGH       ui/tests.rs:1057  view contains '> auth'
           no exact producer; nearest vocabulary grazes the cut
           NIGH   'auth'  app.rs:2623  (inflection d=0)

NIGH       ui/tests.rs:1258  view contains 'L10'
           no exact producer; nearest vocabulary grazes the cut
           NIGH   ':1,'  init/tests.rs:556  (typo d=2)
           NIGH   'L{}'  ui/diff_view.rs:513  (typo d=2)
           NIGH   'a1'  app.rs:1543  (typo d=2)
           NIGH   'b1'  app.rs:1550  (typo d=2)
           NIGH   'c1'  app.rs:1544  (typo d=2)

NIGH       ui/tests.rs:1295  view contains 'L0'
           no exact producer; nearest vocabulary grazes the cut
           NIGH   '  '  ui/diff_view.rs:466  (typo d=2)
           NIGH   ' a'  app.rs:1747  (typo d=2)
           NIGH   ' b'  app.rs:1747  (typo d=2)
           NIGH   ' c'  app.rs:1747  (typo d=2)
           NIGH   ' d'  app.rs:1747  (typo d=2)

NIGH       ui/tests.rs:1300  view contains 'L1'
           no exact producer; nearest vocabulary grazes the cut
           NIGH   'a1'  app.rs:1543  (typo d=1)
           NIGH   'b1'  app.rs:1550  (typo d=1)
           NIGH   'c1'  app.rs:1544  (typo d=1)
           NIGH   'x1'  app.rs:2340  (typo d=1)
           NIGH   'y1'  app.rs:3330  (typo d=1)

NIGH       ui/tests.rs:1326  view contains 'L5'
           no exact producer; nearest vocabulary grazes the cut
           NIGH   '  '  ui/diff_view.rs:466  (typo d=2)
           NIGH   ' a'  app.rs:1747  (typo d=2)
           NIGH   ' b'  app.rs:1747  (typo d=2)
           NIGH   ' c'  app.rs:1747  (typo d=2)
           NIGH   ' d'  app.rs:1747  (typo d=2)

NIGH       ui/tests.rs:1873  view contains '[2/3]'
           no exact producer; nearest vocabulary grazes the cut
           NIGH   '[0/0]'  ui/footer.rs:506  (typo d=2)

CLOSED     app.rs:2877  chain contains 'initial git diff'
           compared-to value is never constructed in-repo

CLOSED     attach.rs:223  msg contains 'split failed'
           compared-to value is never constructed in-repo

CLOSED     git.rs:446  chain contains 'git rev-parse HEAD'
           compared-to value is never constructed in-repo

CLOSED     git.rs:1000  diff contains 'API_TOKEN'
           compared-to value is never constructed in-repo

CLOSED     git/parse.rs:184  line startswith 'Binary files '
           compared-to value is never constructed in-repo

CLOSED     git/parse.rs:184  line endswith ' differ'
           compared-to value is never constructed in-repo

CLOSED     git/parse.rs:191  line startswith 'new file mode '
           compared-to value is never constructed in-repo

CLOSED     git/parse.rs:198  line startswith 'deleted file mode '
           compared-to value is never constructed in-repo

CLOSED     hook/scan.rs:61  trimmed startswith '```'
           compared-to value is never constructed in-repo

CLOSED     hook/tests.rs:228  ctx contains '@kizu[ask]'
           compared-to value is never constructed in-repo

CLOSED     hook/tests.rs:244  ctx contains '@kizu[reject]'
           compared-to value is never constructed in-repo

CLOSED     hook/tests.rs:261  ctx contains '@kizu[free]'
           compared-to value is never constructed in-repo

CLOSED     hook/tests.rs:373  json contains '"new_string"'
           compared-to value is never constructed in-repo

CLOSED     hook/tests.rs:374  json contains '"old_string"'
           compared-to value is never constructed in-repo

CLOSED     hook/tests.rs:375  json contains '"output"'
           compared-to value is never constructed in-repo

CLOSED     hook/tests.rs:376  json contains '"prompt"'
           compared-to value is never constructed in-repo

CLOSED     hook/tests.rs:380  json contains '"file_paths"'
           compared-to value is never constructed in-repo

CLOSED     hook/tests.rs:381  json contains '"timestamp_ms"'
           compared-to value is never constructed in-repo

CLOSED     hook/tests.rs:405  name startswith '1700000000000-Edit-'
           compared-to value is never constructed in-repo

CLOSED     prompt.rs:165  impl < 'a> SelectState<'
           compared-to value is never constructed in-repo

CLOSED     ui/diff_view.rs:285  RowRenderCtx < '_>) -> Vec<Line<'
           compared-to value is never constructed in-repo

CLOSED     ui/tests.rs:382  view contains ' 100 '
           compared-to value is never constructed in-repo

CLOSED     ui/tests.rs:435  view contains '@@ L10'
           compared-to value is never constructed in-repo

CLOSED     ui/tests.rs:439  view contains '+1/-1'
           compared-to value is never constructed in-repo

CLOSED     ui/tests.rs:908  footer contains '# nums'
           compared-to value is never constructed in-repo

CLOSED     ui/tests.rs:1067  view contains 'Files 2/3'
           compared-to value is never constructed in-repo

CLOSED     ui/tests.rs:1228  view contains '@@ -10,0 +10,1 @@'
           compared-to value is never constructed in-repo

CLOSED     ui/tests.rs:1263  view contains '+3/-1'
           compared-to value is never constructed in-repo

CLOSED     ui/tests.rs:1300  view contains 'L1-3'
           compared-to value is never constructed in-repo

CLOSED     ui/tests.rs:1328  view contains '+2/-1'
           compared-to value is never constructed in-repo

CLOSED     ui/tests.rs:1635  row0 contains 'long_function'
           compared-to value is never constructed in-repo

BRINK      app.rs:2075  app.layout.max_line_number < 1000
           corpus sits on the cut
           HIT    0.0  app/layout.rs:441  (hit)
           HIT    0.1  app/layout.rs:446  (hit)
           HIT    0.8  app/navigation.rs:16  (hit field=f32)
           HIT    0.0  app/navigation.rs:225  (hit)
           HIT    0.0  app/navigation.rs:229  (hit)
           BRINK  1000  app.rs:5383  (brink field=timestamp_ms)
           BRINK  1000  app.rs:5449  (brink)
           BRINK  1000  app.rs:5683  (brink field=timestamp_ms)
           BRINK  1000  app.rs:5824  (brink field=timestamp_ms)
           MISS   5000  app.rs:2066  (miss)
           MISS   5000  app.rs:2071  (miss)
           MISS   1000  app.rs:5383  (miss field=timestamp_ms)

BRINK      git.rs:737  synth.added < 200
           corpus sits on the cut
           HIT    0.0  app/layout.rs:441  (hit)
           HIT    0.1  app/layout.rs:446  (hit)
           HIT    0.8  app/navigation.rs:16  (hit field=f32)
           HIT    0.0  app/navigation.rs:225  (hit)
           HIT    0.0  app/navigation.rs:229  (hit)
           BRINK  200  app.rs:1217  (brink)
           BRINK  200  app.rs:1306  (brink)
           BRINK  200  app.rs:1430  (brink)
           BRINK  200  app.rs:1550  (brink)
           MISS   400  app/runtime.rs:138  (miss)
           MISS   500  app/stream_events.rs:18  (miss field=usize)
           MISS   200  app.rs:1217  (miss)

BRINK      git/parse.rs:43  len < 5
           corpus sits on the cut
           HIT    0.0  app/layout.rs:441  (hit)
           HIT    0.1  app/layout.rs:446  (hit)
           HIT    0.8  app/navigation.rs:16  (hit field=f32)
           HIT    0.0  app/navigation.rs:225  (hit)
           HIT    0.0  app/navigation.rs:229  (hit)
           BRINK  4  app.rs:1172  (brink)
           BRINK  5  app.rs:1400  (brink)
           BRINK  5  app.rs:1759  (brink)
           BRINK  5  app.rs:1909  (brink)
           MISS   16  app/runtime.rs:130  (miss)
           MISS   400  app/runtime.rs:138  (miss)
           MISS   6  app/search.rs:229  (miss)

BRINK      ui/geometry.rs:125  viewport_width >= 5
           corpus sits on the cut
           HIT    16  app/runtime.rs:130  (hit)
           HIT    400  app/runtime.rs:138  (hit)
           HIT    6  app/search.rs:229  (hit)
           HIT    7  app/search.rs:230  (hit)
           HIT    12  app/search.rs:230  (hit)
           BRINK  6  app/search.rs:229  (brink)
           BRINK  5  app.rs:1400  (brink)
           BRINK  5  app.rs:1759  (brink)
           BRINK  5  app.rs:1909  (brink)
           MISS   0.0  app/layout.rs:441  (miss)
           MISS   0.1  app/layout.rs:446  (miss)
           MISS   0.8  app/navigation.rs:16  (miss field=f32)

ONE-SIDED  app.rs:408  basename in ['vim', 'nvim', 'vi', 'nano', 'emacs', 'emacsclient', 'kak', 'mg', 'nvi']
           corpus only ever constructs the true side
           HIT    'vim'  app.rs:4719  (exact)
           HIT    'vim'  app.rs:4721  (exact)
           HIT    'vim'  app.rs:4778  (exact)
           HIT    'vim'  app.rs:4779  (exact)
           HIT    'vim'  app.rs:4795  (exact)

ONE-SIDED  app.rs:2755  err startswith 'R:'
           corpus only ever constructs the true side
           HIT    'R: {e:#}'  app.rs:848  (exact)
           HIT    'R: {e:#}'  app.rs:858  (exact)
           HIT    'R: {e:#}'  app.rs:917  (exact)

ONE-SIDED  app.rs:2881  chain contains 'object file missing'
           corpus only ever constructs the true side
           HIT    'object file missing'  app.rs:2862  (exact)

ONE-SIDED  app.rs:4006  msg startswith 'scar:'
           corpus only ever constructs the true side
           HIT    'scar: {err:#}'  app/review.rs:89  (exact)
           HIT    'scar: {err:#}'  app/review.rs:143  (exact)

ONE-SIDED  app/stream_events.rs:326  s endswith '.json'
           corpus only ever constructs the true side
           HIT    '1000-Write.json'  app.rs:5386  (exact)
           HIT    '2000-Write.json'  app.rs:5413  (exact)
           HIT    '3000-Write.json'  app.rs:5641  (exact)
           HIT    '1000-Edit.json'  app.rs:5685  (exact)
           HIT    '1000-Edit.json'  hook/tests.rs:494  (exact)

ONE-SIDED  attach.rs:219  msg contains 'sh failing split'
           corpus only ever constructs the true side
           HIT    'sh failing split'  attach.rs:216  (exact)

ONE-SIDED  attach.rs:223  msg contains '42'
           corpus only ever constructs the true side
           HIT    '+42'  app.rs:4722  (exact)
           HIT    '4b825dc642cb6eb9a060e54bf8d69288fbee4904'  git/types.rs:12  (exact field=str)

ONE-SIDED  git/diff.rs:183  line startswith 'diff --git '
           corpus only ever constructs the true side
           HIT    'diff --git '  git/parse.rs:155  (exact)

ONE-SIDED  hook/scan.rs:45  ext in ['md', 'txt', 'rst', 'adoc']
           corpus only ever constructs the true side
           HIT    'md'  scar.rs:138  (exact)

ONE-SIDED  hook/scan.rs:61  trimmed startswith '~~~'
           corpus only ever constructs the true side
           HIT    '~~~~'  ui/tests.rs:1347  (exact)

ONE-SIDED  hook/scan.rs:83  suffix in ['*/}', '*/', '-->']
           corpus only ever constructs the true side
           HIT    '*/}'  scar.rs:115  (exact)
           HIT    '*/'  scar.rs:107  (exact)
           HIT    '-->'  scar.rs:103  (exact)

ONE-SIDED  init/settings_json.rs:103  token in ['hook-post-tool', 'hook-stop', 'hook-log-event']
           corpus only ever constructs the true side
           HIT    'hook-log-event'  init/install.rs:202  (exact)
           HIT    'hook-log-event'  init/install.rs:261  (exact)
           HIT    'hook-log-event'  init/tests.rs:448  (exact)

ONE-SIDED  init/settings_json.rs:312  group in 'hooks'
           corpus only ever constructs the true side
           HIT    'hooks'  init/install.rs:252  (exact)
           HIT    'hooks'  init/install.rs:256  (exact)
           HIT    'hooks'  init/install.rs:318  (exact)
           HIT    'hooks'  init/pre_commit.rs:59  (exact)
           HIT    'hooks'  init/pre_commit.rs:110  (exact)

ONE-SIDED  init/teardown.rs:27  filename in ['settings.json', 'settings.local.json']
           corpus only ever constructs the true side
           HIT    'settings.json'  init/install.rs:163  (exact)
           HIT    'settings.json'  init/install.rs:169  (exact)
           HIT    'settings.json'  init/teardown.rs:36  (exact)
           HIT    'settings.json'  init/tests.rs:7  (exact)
           HIT    'settings.json'  init/tests.rs:68  (exact)

ONE-SIDED  init/tests.rs:138  c contains 'hook-post-tool'
           corpus only ever constructs the true side
           HIT    'hook-post-tool'  init/settings_json.rs:103  (exact)

ONE-SIDED  init/tests.rs:142  c contains 'hook-log-event'
           corpus only ever constructs the true side
           HIT    'hook-log-event'  init/install.rs:202  (exact)
           HIT    'hook-log-event'  init/install.rs:261  (exact)
           HIT    'hook-log-event'  init/settings_json.rs:103  (exact)
           HIT    'hook-log-event'  init/tests.rs:448  (exact)
           HIT    'kizu hook-log-event'  init/tests.rs:22  (exact field=command)

ONE-SIDED  init/tests.rs:146  c contains 'hook-post-tool'
           corpus only ever constructs the true side
           HIT    'hook-post-tool'  init/settings_json.rs:103  (exact)

ONE-SIDED  init/tests.rs:186  c contains 'my-user-linter'
           corpus only ever constructs the true side
           HIT    'my-user-linter'  init/tests.rs:165  (exact field=command)
           HIT    'my-user-linter'  init/tests.rs:211  (exact field=command)
           HIT    'my-user-linter'  init/tests.rs:278  (exact field=command)

ONE-SIDED  init/tests.rs:190  c contains 'kizu hook-'
           corpus only ever constructs the true side
           HIT    'kizu hook-log-event'  init/tests.rs:22  (exact field=command)
           HIT    'kizu hook-log-event'  init/tests.rs:121  (exact field=command)
           HIT    'kizu hook-log-event'  init/tests.rs:229  (exact field=command)
           HIT    'kizu hook-log-event'  init/tests.rs:295  (exact field=command)

ONE-SIDED  init/tests.rs:255  c contains 'my-user-linter'
           corpus only ever constructs the true side
           HIT    'my-user-linter'  init/tests.rs:165  (exact field=command)
           HIT    'my-user-linter'  init/tests.rs:211  (exact field=command)
           HIT    'my-user-linter'  init/tests.rs:278  (exact field=command)

ONE-SIDED  init/tests.rs:259  c contains 'kizu hook-'
           corpus only ever constructs the true side
           HIT    'kizu hook-log-event'  init/tests.rs:22  (exact field=command)
           HIT    'kizu hook-log-event'  init/tests.rs:121  (exact field=command)
           HIT    'kizu hook-log-event'  init/tests.rs:229  (exact field=command)
           HIT    'kizu hook-log-event'  init/tests.rs:295  (exact field=command)

ONE-SIDED  init/tests.rs:318  c contains 'my-user-linter'
           corpus only ever constructs the true side
           HIT    'my-user-linter'  init/tests.rs:165  (exact field=command)
           HIT    'my-user-linter'  init/tests.rs:211  (exact field=command)
           HIT    'my-user-linter'  init/tests.rs:278  (exact field=command)

ONE-SIDED  init/tests.rs:322  c contains 'hook-log-event'
           corpus only ever constructs the true side
           HIT    'hook-log-event'  init/install.rs:202  (exact)
           HIT    'hook-log-event'  init/install.rs:261  (exact)
           HIT    'hook-log-event'  init/settings_json.rs:103  (exact)
           HIT    'hook-log-event'  init/tests.rs:448  (exact)
           HIT    'kizu hook-log-event'  init/tests.rs:22  (exact field=command)

ONE-SIDED  init/tests.rs:335  c contains 'hook-log-event'
           corpus only ever constructs the true side
           HIT    'hook-log-event'  init/install.rs:202  (exact)
           HIT    'hook-log-event'  init/install.rs:261  (exact)
           HIT    'hook-log-event'  init/settings_json.rs:103  (exact)
           HIT    'hook-log-event'  init/tests.rs:448  (exact)
           HIT    'kizu hook-log-event'  init/tests.rs:22  (exact field=command)

ONE-SIDED  init/tests.rs:503  shim contains 'pre-commit.user'
           corpus only ever constructs the true side
           HIT    'pre-commit.user'  init/pre_commit.rs:70  (exact)
           HIT    'pre-commit.user'  init/pre_commit.rs:124  (exact)

ONE-SIDED  init/tests.rs:531  c contains 'hook-log-event'
           corpus only ever constructs the true side
           HIT    'hook-log-event'  init/install.rs:202  (exact)
           HIT    'hook-log-event'  init/install.rs:261  (exact)
           HIT    'hook-log-event'  init/settings_json.rs:103  (exact)
           HIT    'hook-log-event'  init/tests.rs:448  (exact)
           HIT    'kizu hook-log-event'  init/tests.rs:22  (exact field=command)

ONE-SIDED  init/tests.rs:535  c contains 'hook-post-tool'
           corpus only ever constructs the true side
           HIT    'hook-post-tool'  init/settings_json.rs:103  (exact)

ONE-SIDED  init/tests.rs:578  c contains 'kizu hook-'
           corpus only ever constructs the true side
           HIT    'kizu hook-log-event'  init/tests.rs:22  (exact field=command)
           HIT    'kizu hook-log-event'  init/tests.rs:121  (exact field=command)
           HIT    'kizu hook-log-event'  init/tests.rs:229  (exact field=command)
           HIT    'kizu hook-log-event'  init/tests.rs:295  (exact field=command)

ONE-SIDED  stream.rs:93  raw startswith '@@'
           corpus only ever constructs the true side
           HIT    '@@ '  git/parse.rs:205  (exact)
           HIT    '@@'  git/parse.rs:222  (exact)
           HIT    '@@'  ui/tests.rs:275  (exact)
           HIT    '@@'  ui/tests.rs:323  (exact)

ONE-SIDED  stream.rs:94  raw startswith 'diff '
           corpus only ever constructs the true side
           HIT    'diff --git '  git/parse.rs:155  (exact)

ONE-SIDED  stream.rs:178  first endswith ' Write'
           corpus only ever constructs the true side
           HIT    '14:03:22 Write'  ui/tests.rs:1195  (exact)

ONE-SIDED  ui/tests.rs:72  view contains '[follow]'
           corpus only ever constructs the true side
           HIT    '[follow]'  ui/footer.rs:127  (exact)

ONE-SIDED  ui/tests.rs:107  ln contains '10'
           corpus only ever constructs the true side
           HIT    'ctx10'  app.rs:1504  (exact)
           HIT    'a.rs:10'  app.rs:4736  (exact)
           HIT    '1000-Write.json'  app.rs:5386  (exact)
           HIT    '1000-Edit.json'  app.rs:5685  (exact)
           HIT    '1000-Edit.json'  hook/tests.rs:494  (exact)

ONE-SIDED  ui/tests.rs:135  ln contains '11'
           corpus only ever constructs the true side
           HIT    'ctx11'  app.rs:1506  (exact)
           HIT    '11000-Edit-bbb.json'  app.rs:5745  (exact)

ONE-SIDED  ui/tests.rs:191  first_ln contains '10'
           corpus only ever constructs the true side
           HIT    'ctx10'  app.rs:1504  (exact)
           HIT    'a.rs:10'  app.rs:4736  (exact)
           HIT    '1000-Write.json'  app.rs:5386  (exact)
           HIT    '1000-Edit.json'  app.rs:5685  (exact)
           HIT    '1000-Edit.json'  hook/tests.rs:494  (exact)

ONE-SIDED  ui/tests.rs:219  ln contains '42'
           corpus only ever constructs the true side
           HIT    '+42'  app.rs:4722  (exact)
           HIT    '4b825dc642cb6eb9a060e54bf8d69288fbee4904'  git/types.rs:12  (exact field=str)

ONE-SIDED  ui/tests.rs:272  top_row contains '@@'
           corpus only ever constructs the true side
           HIT    '@@ '  git/parse.rs:205  (exact)
           HIT    ' @@'  git/parse.rs:212  (exact)
           HIT    '@@'  git/parse.rs:222  (exact)
           HIT    '@@'  ui/tests.rs:275  (exact)
           HIT    '@@'  ui/tests.rs:323  (exact)

ONE-SIDED  ui/tests.rs:444  view contains 'let x = 1;'
           corpus only ever constructs the true side
           HIT    'let x = 1;'  ui/tests.rs:351  (exact)
           HIT    'let x = 1;'  ui/tests.rs:426  (exact)
           HIT    'let x = 1;'  ui/tests.rs:1216  (exact)

ONE-SIDED  ui/tests.rs:445  view contains 'let y = 2;'
           corpus only ever constructs the true side
           HIT    'let y = 2;'  ui/tests.rs:427  (exact)

ONE-SIDED  ui/tests.rs:839  off_view contains 'nums off'
           corpus only ever constructs the true side
           HIT    'nums off'  ui/footer.rs:151  (exact)

ONE-SIDED  ui/tests.rs:848  on_view contains 'nums on'
           corpus only ever constructs the true side
           HIT    'nums on'  ui/footer.rs:149  (exact)

ONE-SIDED  ui/tests.rs:864  view contains 'nums'
           corpus only ever constructs the true side
           HIT    'nums on'  ui/footer.rs:149  (exact)
           HIT    'nums off'  ui/footer.rs:151  (exact)

ONE-SIDED  ui/tests.rs:864  view contains 'off'
           corpus only ever constructs the true side
           HIT    'nums off'  ui/footer.rs:151  (exact)

ONE-SIDED  ui/tests.rs:873  nowrap_view contains 'nowrap'
           corpus only ever constructs the true side
           HIT    'nowrap'  ui/footer.rs:166  (exact)

ONE-SIDED  ui/tests.rs:877  wrap_view contains 'wrap'
           corpus only ever constructs the true side
           HIT    'wrap_toggle'  config.rs:134  (exact)
           HIT    'wrap'  ui/footer.rs:166  (exact)
           HIT    'wrap'  ui/overlays.rs:79  (exact)
           HIT    'nowrap'  ui/footer.rs:166  (exact)

ONE-SIDED  ui/tests.rs:878  wrap_view contains 'nowrap'
           corpus only ever constructs the true side
           HIT    'nowrap'  ui/footer.rs:166  (exact)

ONE-SIDED  ui/tests.rs:894  footer contains '[manual]'
           corpus only ever constructs the true side
           HIT    '[manual]'  ui/footer.rs:129  (exact)

ONE-SIDED  ui/tests.rs:896  footer contains 'wrap'
           corpus only ever constructs the true side
           HIT    'wrap_toggle'  config.rs:134  (exact)
           HIT    'wrap'  ui/footer.rs:166  (exact)
           HIT    'wrap'  ui/overlays.rs:79  (exact)
           HIT    'nowrap'  ui/footer.rs:166  (exact)

ONE-SIDED  ui/tests.rs:900  footer contains 'nums'
           corpus only ever constructs the true side
           HIT    'nums on'  ui/footer.rs:149  (exact)
           HIT    'nums off'  ui/footer.rs:151  (exact)

ONE-SIDED  ui/tests.rs:912  footer contains 'picker'
           corpus only ever constructs the true side
           HIT    'picker'  config.rs:131  (exact)
           HIT    'picker'  ui/overlays.rs:77  (exact)
           HIT    '[picker]'  ui/footer.rs:115  (exact)

ONE-SIDED  ui/tests.rs:931  footer contains '[file'
           corpus only ever constructs the true side
           HIT    '[file view]'  ui/footer.rs:123  (exact)

ONE-SIDED  ui/tests.rs:931  footer contains '[file view]'
           corpus only ever constructs the true side
           HIT    '[file view]'  ui/footer.rs:123  (exact)

ONE-SIDED  ui/tests.rs:935  footer contains 'wrap'
           corpus only ever constructs the true side
           HIT    'wrap_toggle'  config.rs:134  (exact)
           HIT    'wrap'  ui/footer.rs:166  (exact)
           HIT    'wrap'  ui/overlays.rs:79  (exact)
           HIT    'nowrap'  ui/footer.rs:166  (exact)

ONE-SIDED  ui/tests.rs:939  footer contains 'nums'
           corpus only ever constructs the true side
           HIT    'nums on'  ui/footer.rs:149  (exact)
           HIT    'nums off'  ui/footer.rs:151  (exact)

ONE-SIDED  ui/tests.rs:943  footer contains 'Esc'
           corpus only ever constructs the true side
           HIT    'Esc'  ui/footer.rs:364  (exact)
           HIT    'Esc'  ui/footer.rs:377  (exact)
           HIT    'Esc'  ui/footer.rs:401  (exact)
           HIT    'Esc'  ui/footer.rs:415  (exact)
           HIT    'Esc'  ui/footer.rs:433  (exact)

ONE-SIDED  ui/tests.rs:943  footer contains 'back'
           corpus only ever constructs the true side
           HIT    'backdate kept.rs'  app.rs:2672  (exact)
           HIT    'read back'  app.rs:5081  (exact)
           HIT    'read back'  app.rs:5102  (exact)
           HIT    'read back'  app.rs:5240  (exact)
           HIT    'read back'  git.rs:882  (exact)

ONE-SIDED  ui/tests.rs:960  view contains 'center'
           corpus only ever constructs the true side
           HIT    'center / top cursor'  ui/overlays.rs:78  (exact)

ONE-SIDED  ui/tests.rs:964  view contains 'wrap'
           corpus only ever constructs the true side
           HIT    'wrap_toggle'  config.rs:134  (exact)
           HIT    'wrap'  ui/footer.rs:166  (exact)
           HIT    'wrap'  ui/overlays.rs:79  (exact)
           HIT    'nowrap'  ui/footer.rs:166  (exact)

ONE-SIDED  ui/tests.rs:968  view contains 'line numbers'
           corpus only ever constructs the true side
           HIT    'line numbers'  ui/overlays.rs:80  (exact)

ONE-SIDED  ui/tests.rs:972  view contains 'picker'
           corpus only ever constructs the true side
           HIT    'picker'  config.rs:131  (exact)
           HIT    'picker'  ui/overlays.rs:77  (exact)
           HIT    '[picker]'  ui/footer.rs:115  (exact)

ONE-SIDED  ui/tests.rs:1028  view contains '[file view]'
           corpus only ever constructs the true side
           HIT    '[file view]'  ui/footer.rs:123  (exact)

ONE-SIDED  ui/tests.rs:1031  view contains 'wrap'
           corpus only ever constructs the true side
           HIT    'wrap_toggle'  config.rs:134  (exact)
           HIT    'wrap'  ui/footer.rs:166  (exact)
           HIT    'wrap'  ui/overlays.rs:79  (exact)
           HIT    'nowrap'  ui/footer.rs:166  (exact)

ONE-SIDED  ui/tests.rs:1040  view contains 'bin'
           corpus only ever constructs the true side
           HIT    'blob.bin'  git.rs:691  (exact)
           HIT    'blob.bin'  git.rs:696  (exact)
           HIT    'write binary'  git.rs:691  (exact)
           HIT    '{bin} {rest}'  init/install.rs:48  (exact)
           HIT    "'/usr/bin/kizu'"  init/tests.rs:469  (exact)

ONE-SIDED  ui/tests.rs:1061  view contains 'tests/auth_test.rs'
           corpus only ever constructs the true side
           HIT    'tests/auth_test.rs'  app.rs:2620  (exact)
           HIT    'tests/auth_test.rs'  app.rs:2629  (exact)
           HIT    'tests/auth_test.rs'  ui/tests.rs:1048  (exact)

ONE-SIDED  ui/tests.rs:1069  view contains '[picker]'
           corpus only ever constructs the true side
           HIT    '[picker]'  ui/footer.rs:115  (exact)

ONE-SIDED  ui/tests.rs:1070  view contains 'type to filter'
           corpus only ever constructs the true side
           HIT    'type to filter'  ui/footer.rs:349  (exact)

ONE-SIDED  ui/tests.rs:1071  view contains 'Esc'
           corpus only ever constructs the true side
           HIT    'Esc'  ui/footer.rs:364  (exact)
           HIT    'Esc'  ui/footer.rs:377  (exact)
           HIT    'Esc'  ui/footer.rs:401  (exact)
           HIT    'Esc'  ui/footer.rs:415  (exact)
           HIT    'Esc'  ui/footer.rs:433  (exact)

ONE-SIDED  ui/tests.rs:1089  footer_text contains 'git diff exploded'
           corpus only ever constructs the true side
           HIT    'git diff exploded'  ui/tests.rs:1077  (exact)

ONE-SIDED  ui/tests.rs:1115  view contains '⚠ WATCHER'
           corpus only ever constructs the true side
           HIT    '⚠ WATCHER'  ui/footer.rs:286  (exact)

ONE-SIDED  ui/tests.rs:1134  view contains '⚠ INPUT'
           corpus only ever constructs the true side
           HIT    '⚠ INPUT'  ui/footer.rs:303  (exact)

ONE-SIDED  ui/tests.rs:1146  view contains '[manual]'
           corpus only ever constructs the true side
           HIT    '[manual]'  ui/footer.rs:129  (exact)

ONE-SIDED  ui/tests.rs:1204  first_line contains '14:03:22 Write'
           corpus only ever constructs the true side
           HIT    '14:03:22 Write'  ui/tests.rs:1195  (exact)

ONE-SIDED  ui/tests.rs:1611  row0 contains 'boundary'
           corpus only ever constructs the true side
           HIT    'fn boundary() {'  ui/tests.rs:1595  (exact)

ONE-SIDED  ui/tests.rs:1611  row0 contains '@@'
           corpus only ever constructs the true side
           HIT    '@@ '  git/parse.rs:205  (exact)
           HIT    ' @@'  git/parse.rs:212  (exact)
           HIT    '@@'  git/parse.rs:222  (exact)
           HIT    '@@'  ui/tests.rs:275  (exact)
           HIT    '@@'  ui/tests.rs:323  (exact)

ONE-SIDED  ui/tests.rs:1869  view contains '/foo'
           corpus only ever constructs the true side
           HIT    'src/foo.rs'  app.rs:4077  (exact)
           HIT    'src/foo.rs'  app.rs:4091  (exact)
           HIT    'src/foo.rs'  app.rs:4094  (exact)
           HIT    'src/foo.rs'  app.rs:6066  (exact)
           HIT    'src/foo.rs'  hook/tests.rs:217  (exact)
