NIGH       /Users/annenpolka/ghq/github.com/annenpolka/sitbone/Tests/SitboneCoreTests/CumulativeRecordTests.swift:29  record.totalFocusedHours == 11.5
           NIGH   11  /Users/annenpolka/ghq/github.com/annenpolka/sitbone/Sources/SitboneCore/GhostTeacherKeyBindings.swift:63  (nearby)
           NIGH   12  /Users/annenpolka/ghq/github.com/annenpolka/sitbone/Sources/SitboneCore/GhostTeacherKeyBindings.swift:63  (nearby)
           NIGH   12  /Users/annenpolka/ghq/github.com/annenpolka/sitbone/Sources/SitboneUI/NotchOverlay.swift:588  (nearby field=bottomLeadingRadius)
           NIGH   12  /Users/annenpolka/ghq/github.com/annenpolka/sitbone/Sources/SitboneUI/NotchOverlay.swift:589  (nearby field=bottomTrailingRadius)
           NIGH   11  /Users/annenpolka/ghq/github.com/annenpolka/sitbone/Sources/SitboneUI/NotchOverlay.swift:611  (nearby field=size)

NIGH       /Users/annenpolka/ghq/github.com/annenpolka/sitbone/Tests/SitboneUITests/UILogicTests.swift:119  frame.origin.y == 972
           NIGH   1000  /Users/annenpolka/ghq/github.com/annenpolka/sitbone/Tests/SitboneDataTests/JSONSessionStoreTests.swift:19  (nearby field=timeIntervalSince1970)
           NIGH   1000  /Users/annenpolka/ghq/github.com/annenpolka/sitbone/Tests/SitboneSensorsTests/SitboneSensorsTests.swift:7  (nearby field=timeIntervalSince1970)

CLOSED     /Users/annenpolka/ghq/github.com/annenpolka/sitbone/Sources/Sitbone/SitboneApp.swift:61  CommandLine.arguments contains '--auto-start'
           compared-to value is never constructed in-repo

CLOSED     /Users/annenpolka/ghq/github.com/annenpolka/sitbone/Sources/SitboneCore/BrowserSiteIdentity.swift:29  lowered startswith 'www.'
           compared-to value is never constructed in-repo

CLOSED     /Users/annenpolka/ghq/github.com/annenpolka/sitbone/Tests/SitboneUITests/UILogicTests.swift:117  frame.origin.x == 820
           no numeric producer equals the cut

BRINK      /Users/annenpolka/ghq/github.com/annenpolka/sitbone/Sources/SitboneCore/BrowserSiteIdentity.swift:37  parts.count >= 3
           corpus sits on the cut
           HIT    4  /Users/annenpolka/ghq/github.com/annenpolka/sitbone/Sources/SitboneCore/BrowserSiteIdentity.swift:29  (hit)
           HIT    3  /Users/annenpolka/ghq/github.com/annenpolka/sitbone/Sources/SitboneCore/BrowserSiteIdentity.swift:38  (hit)
           HIT    53  /Users/annenpolka/ghq/github.com/annenpolka/sitbone/Sources/SitboneCore/GhostTeacherKeyBindings.swift:26  (hit)
           HIT    36  /Users/annenpolka/ghq/github.com/annenpolka/sitbone/Sources/SitboneCore/GhostTeacherKeyBindings.swift:27  (hit)
           HIT    48  /Users/annenpolka/ghq/github.com/annenpolka/sitbone/Sources/SitboneCore/GhostTeacherKeyBindings.swift:28  (hit)
           BRINK  4  /Users/annenpolka/ghq/github.com/annenpolka/sitbone/Sources/SitboneCore/BrowserSiteIdentity.swift:29  (brink)
           BRINK  3  /Users/annenpolka/ghq/github.com/annenpolka/sitbone/Sources/SitboneCore/BrowserSiteIdentity.swift:38  (brink)
           BRINK  3  /Users/annenpolka/ghq/github.com/annenpolka/sitbone/Sources/SitboneCore/GhostTeacherKeyBindings.swift:47  (brink field=keyCode)
           BRINK  3  /Users/annenpolka/ghq/github.com/annenpolka/sitbone/Sources/SitboneCore/GhostTeacherKeyBindings.swift:62  (brink)
           MISS   0.45  /Users/annenpolka/ghq/github.com/annenpolka/sitbone/Sources/SitboneCore/PresenceArbiter.swift:33  (miss field=Double)
           MISS   0.35  /Users/annenpolka/ghq/github.com/annenpolka/sitbone/Sources/SitboneCore/PresenceArbiter.swift:34  (miss field=Double)
           MISS   0.3  /Users/annenpolka/ghq/github.com/annenpolka/sitbone/Sources/SitboneCore/PresenceArbiter.swift:35  (miss field=Double)

BRINK      /Users/annenpolka/ghq/github.com/annenpolka/sitbone/Sources/SitboneCore/SiteResolver.swift:76  segment.count < 30
           corpus sits on the cut
           HIT    4  /Users/annenpolka/ghq/github.com/annenpolka/sitbone/Sources/SitboneCore/BrowserSiteIdentity.swift:29  (hit)
           HIT    3  /Users/annenpolka/ghq/github.com/annenpolka/sitbone/Sources/SitboneCore/BrowserSiteIdentity.swift:38  (hit)
           HIT    3  /Users/annenpolka/ghq/github.com/annenpolka/sitbone/Sources/SitboneCore/GhostTeacherKeyBindings.swift:47  (hit field=keyCode)
           HIT    3  /Users/annenpolka/ghq/github.com/annenpolka/sitbone/Sources/SitboneCore/GhostTeacherKeyBindings.swift:62  (hit)
           HIT    4  /Users/annenpolka/ghq/github.com/annenpolka/sitbone/Sources/SitboneCore/GhostTeacherKeyBindings.swift:62  (hit)
           BRINK  29  /Users/annenpolka/ghq/github.com/annenpolka/sitbone/Sources/SitboneCore/GhostTeacherKeyBindings.swift:65  (brink)
           BRINK  30  /Users/annenpolka/ghq/github.com/annenpolka/sitbone/Sources/SitboneCore/GhostTeacherKeyBindings.swift:66  (brink)
           BRINK  30  /Users/annenpolka/ghq/github.com/annenpolka/sitbone/Sources/SitboneUI/NotchOverlay.swift:241  (brink)
           BRINK  30  /Users/annenpolka/ghq/github.com/annenpolka/sitbone/Sources/SitboneUI/NotchOverlay.swift:1121  (brink)
           MISS   53  /Users/annenpolka/ghq/github.com/annenpolka/sitbone/Sources/SitboneCore/GhostTeacherKeyBindings.swift:26  (miss)
           MISS   36  /Users/annenpolka/ghq/github.com/annenpolka/sitbone/Sources/SitboneCore/GhostTeacherKeyBindings.swift:27  (miss)
           MISS   48  /Users/annenpolka/ghq/github.com/annenpolka/sitbone/Sources/SitboneCore/GhostTeacherKeyBindings.swift:28  (miss)

BRINK      /Users/annenpolka/ghq/github.com/annenpolka/sitbone/Sources/SitboneCore/SiteResolver.swift:87  words.count <= 3
           corpus sits on the cut
           HIT    3  /Users/annenpolka/ghq/github.com/annenpolka/sitbone/Sources/SitboneCore/BrowserSiteIdentity.swift:38  (hit)
           HIT    3  /Users/annenpolka/ghq/github.com/annenpolka/sitbone/Sources/SitboneCore/GhostTeacherKeyBindings.swift:47  (hit field=keyCode)
           HIT    3  /Users/annenpolka/ghq/github.com/annenpolka/sitbone/Sources/SitboneCore/GhostTeacherKeyBindings.swift:62  (hit)
           HIT    0.45  /Users/annenpolka/ghq/github.com/annenpolka/sitbone/Sources/SitboneCore/PresenceArbiter.swift:33  (hit field=Double)
           HIT    0.35  /Users/annenpolka/ghq/github.com/annenpolka/sitbone/Sources/SitboneCore/PresenceArbiter.swift:34  (hit field=Double)
           BRINK  3  /Users/annenpolka/ghq/github.com/annenpolka/sitbone/Sources/SitboneCore/BrowserSiteIdentity.swift:38  (brink)
           BRINK  3  /Users/annenpolka/ghq/github.com/annenpolka/sitbone/Sources/SitboneCore/GhostTeacherKeyBindings.swift:47  (brink field=keyCode)
           BRINK  3  /Users/annenpolka/ghq/github.com/annenpolka/sitbone/Sources/SitboneCore/GhostTeacherKeyBindings.swift:62  (brink)
           BRINK  3  /Users/annenpolka/ghq/github.com/annenpolka/sitbone/Sources/SitboneCore/SiteResolver.swift:77  (brink)
           MISS   4  /Users/annenpolka/ghq/github.com/annenpolka/sitbone/Sources/SitboneCore/BrowserSiteIdentity.swift:29  (miss)
           MISS   53  /Users/annenpolka/ghq/github.com/annenpolka/sitbone/Sources/SitboneCore/GhostTeacherKeyBindings.swift:26  (miss)
           MISS   36  /Users/annenpolka/ghq/github.com/annenpolka/sitbone/Sources/SitboneCore/GhostTeacherKeyBindings.swift:27  (miss)

BRINK      /Users/annenpolka/ghq/github.com/annenpolka/sitbone/Sources/SitboneCore/SiteResolver.swift:96  segment.count <= 20
           corpus sits on the cut
           HIT    4  /Users/annenpolka/ghq/github.com/annenpolka/sitbone/Sources/SitboneCore/BrowserSiteIdentity.swift:29  (hit)
           HIT    3  /Users/annenpolka/ghq/github.com/annenpolka/sitbone/Sources/SitboneCore/BrowserSiteIdentity.swift:38  (hit)
           HIT    3  /Users/annenpolka/ghq/github.com/annenpolka/sitbone/Sources/SitboneCore/GhostTeacherKeyBindings.swift:47  (hit field=keyCode)
           HIT    3  /Users/annenpolka/ghq/github.com/annenpolka/sitbone/Sources/SitboneCore/GhostTeacherKeyBindings.swift:62  (hit)
           HIT    4  /Users/annenpolka/ghq/github.com/annenpolka/sitbone/Sources/SitboneCore/GhostTeacherKeyBindings.swift:62  (hit)
           BRINK  19  /Users/annenpolka/ghq/github.com/annenpolka/sitbone/Sources/SitboneCore/GhostTeacherKeyBindings.swift:64  (brink)
           BRINK  20  /Users/annenpolka/ghq/github.com/annenpolka/sitbone/Sources/SitboneCore/GhostTeacherKeyBindings.swift:64  (brink)
           BRINK  20  /Users/annenpolka/ghq/github.com/annenpolka/sitbone/Sources/SitboneUI/NotchOverlay.swift:970  (brink)
           BRINK  20  /Users/annenpolka/ghq/github.com/annenpolka/sitbone/Tests/SitboneCoreTests/FocusStateMachineEdgeCaseTests.swift:49  (brink field=idle)
           MISS   53  /Users/annenpolka/ghq/github.com/annenpolka/sitbone/Sources/SitboneCore/GhostTeacherKeyBindings.swift:26  (miss)
           MISS   36  /Users/annenpolka/ghq/github.com/annenpolka/sitbone/Sources/SitboneCore/GhostTeacherKeyBindings.swift:27  (miss)
           MISS   48  /Users/annenpolka/ghq/github.com/annenpolka/sitbone/Sources/SitboneCore/GhostTeacherKeyBindings.swift:28  (miss)

BRINK      /Users/annenpolka/ghq/github.com/annenpolka/sitbone/Sources/SitboneCore/SiteResolver.swift:150  $1 < 0.1
           corpus sits on the cut
           HIT    0.0  /Users/annenpolka/ghq/github.com/annenpolka/sitbone/Sources/SitboneCore/PresenceArbiter.swift:174  (hit)
           HIT    0.0  /Users/annenpolka/ghq/github.com/annenpolka/sitbone/Sources/SitboneCore/PresenceArbiter.swift:177  (hit field=score)
           HIT    0.0  /Users/annenpolka/ghq/github.com/annenpolka/sitbone/Sources/SitboneCore/PresenceArbiter.swift:180  (hit)
           HIT    0.0  /Users/annenpolka/ghq/github.com/annenpolka/sitbone/Sources/SitboneCore/SiteResolver.swift:152  (hit)
           HIT    0.0  /Users/annenpolka/ghq/github.com/annenpolka/sitbone/Sources/SitboneCore/SiteResolver.swift:157  (hit)
           BRINK  0.1  /Users/annenpolka/ghq/github.com/annenpolka/sitbone/Sources/SitboneCore/SitboneCore.swift:683  (brink)
           BRINK  0.1  /Users/annenpolka/ghq/github.com/annenpolka/sitbone/Sources/SitboneCore/SiteResolver.swift:156  (brink)
           BRINK  0.1  /Users/annenpolka/ghq/github.com/annenpolka/sitbone/Sources/SitboneCore/SiteResolver.swift:160  (brink field=confidence)
           BRINK  0.1  /Users/annenpolka/ghq/github.com/annenpolka/sitbone/Sources/SitboneUI/NotchOverlay.swift:437  (brink)
           MISS   4  /Users/annenpolka/ghq/github.com/annenpolka/sitbone/Sources/SitboneCore/BrowserSiteIdentity.swift:29  (miss)
           MISS   3  /Users/annenpolka/ghq/github.com/annenpolka/sitbone/Sources/SitboneCore/BrowserSiteIdentity.swift:38  (miss)
           MISS   53  /Users/annenpolka/ghq/github.com/annenpolka/sitbone/Sources/SitboneCore/GhostTeacherKeyBindings.swift:26  (miss)

BRINK      /Users/annenpolka/ghq/github.com/annenpolka/sitbone/Tests/SitboneCoreTests/PresenceArbiterTests.swift:88  result.confidence > 0.9
           corpus sits on the cut
           HIT    4  /Users/annenpolka/ghq/github.com/annenpolka/sitbone/Sources/SitboneCore/BrowserSiteIdentity.swift:29  (hit)
           HIT    3  /Users/annenpolka/ghq/github.com/annenpolka/sitbone/Sources/SitboneCore/BrowserSiteIdentity.swift:38  (hit)
           HIT    53  /Users/annenpolka/ghq/github.com/annenpolka/sitbone/Sources/SitboneCore/GhostTeacherKeyBindings.swift:26  (hit)
           HIT    36  /Users/annenpolka/ghq/github.com/annenpolka/sitbone/Sources/SitboneCore/GhostTeacherKeyBindings.swift:27  (hit)
           HIT    48  /Users/annenpolka/ghq/github.com/annenpolka/sitbone/Sources/SitboneCore/GhostTeacherKeyBindings.swift:28  (hit)
           BRINK  0.9  /Users/annenpolka/ghq/github.com/annenpolka/sitbone/Sources/SitboneUI/NotchOverlay.swift:779  (brink)
           BRINK  0.92  /Users/annenpolka/ghq/github.com/annenpolka/sitbone/Sources/SitboneUI/NotchOverlay.swift:864  (brink)
           BRINK  0.92  /Users/annenpolka/ghq/github.com/annenpolka/sitbone/Sources/SitboneUI/NotchOverlay.swift:1118  (brink)
           BRINK  0.9  /Users/annenpolka/ghq/github.com/annenpolka/sitbone/Sources/SitboneUI/NotchOverlay.swift:1189  (brink field=brightness)
           MISS   0.45  /Users/annenpolka/ghq/github.com/annenpolka/sitbone/Sources/SitboneCore/PresenceArbiter.swift:33  (miss field=Double)
           MISS   0.35  /Users/annenpolka/ghq/github.com/annenpolka/sitbone/Sources/SitboneCore/PresenceArbiter.swift:34  (miss field=Double)
           MISS   0.3  /Users/annenpolka/ghq/github.com/annenpolka/sitbone/Sources/SitboneCore/PresenceArbiter.swift:35  (miss field=Double)

BRINK      /Users/annenpolka/ghq/github.com/annenpolka/sitbone/Tests/SitboneCoreTests/PresenceArbiterTests.swift:130  result.confidence >= 0.99
           corpus sits on the cut
           HIT    4  /Users/annenpolka/ghq/github.com/annenpolka/sitbone/Sources/SitboneCore/BrowserSiteIdentity.swift:29  (hit)
           HIT    3  /Users/annenpolka/ghq/github.com/annenpolka/sitbone/Sources/SitboneCore/BrowserSiteIdentity.swift:38  (hit)
           HIT    53  /Users/annenpolka/ghq/github.com/annenpolka/sitbone/Sources/SitboneCore/GhostTeacherKeyBindings.swift:26  (hit)
           HIT    36  /Users/annenpolka/ghq/github.com/annenpolka/sitbone/Sources/SitboneCore/GhostTeacherKeyBindings.swift:27  (hit)
           HIT    48  /Users/annenpolka/ghq/github.com/annenpolka/sitbone/Sources/SitboneCore/GhostTeacherKeyBindings.swift:28  (hit)
           BRINK  1.0  /Users/annenpolka/ghq/github.com/annenpolka/sitbone/Sources/SitboneCore/PresenceArbiter.swift:180  (brink)
           BRINK  1.0  /Users/annenpolka/ghq/github.com/annenpolka/sitbone/Sources/SitboneCore/SiteResolver.swift:100  (brink)
           BRINK  1.0  /Users/annenpolka/ghq/github.com/annenpolka/sitbone/Sources/SitboneCore/SiteResolver.swift:141  (brink field=confidence)
           BRINK  1.0  /Users/annenpolka/ghq/github.com/annenpolka/sitbone/Sources/SitboneCore/SiteResolver.swift:156  (brink)
           MISS   0.45  /Users/annenpolka/ghq/github.com/annenpolka/sitbone/Sources/SitboneCore/PresenceArbiter.swift:33  (miss field=Double)
           MISS   0.35  /Users/annenpolka/ghq/github.com/annenpolka/sitbone/Sources/SitboneCore/PresenceArbiter.swift:34  (miss field=Double)
           MISS   0.3  /Users/annenpolka/ghq/github.com/annenpolka/sitbone/Sources/SitboneCore/PresenceArbiter.swift:35  (miss field=Double)

BRINK      /Users/annenpolka/ghq/github.com/annenpolka/sitbone/Tests/SitboneCoreTests/SessionRecordCreationTests.swift:53  record.realElapsed >= 5.0
           corpus sits on the cut
           HIT    53  /Users/annenpolka/ghq/github.com/annenpolka/sitbone/Sources/SitboneCore/GhostTeacherKeyBindings.swift:26  (hit)
           HIT    36  /Users/annenpolka/ghq/github.com/annenpolka/sitbone/Sources/SitboneCore/GhostTeacherKeyBindings.swift:27  (hit)
           HIT    48  /Users/annenpolka/ghq/github.com/annenpolka/sitbone/Sources/SitboneCore/GhostTeacherKeyBindings.swift:28  (hit)
           HIT    49  /Users/annenpolka/ghq/github.com/annenpolka/sitbone/Sources/SitboneCore/GhostTeacherKeyBindings.swift:29  (hit)
           HIT    51  /Users/annenpolka/ghq/github.com/annenpolka/sitbone/Sources/SitboneCore/GhostTeacherKeyBindings.swift:30  (hit)
           BRINK  5  /Users/annenpolka/ghq/github.com/annenpolka/sitbone/Sources/SitboneCore/GhostTeacherKeyBindings.swift:62  (brink)
           BRINK  5  /Users/annenpolka/ghq/github.com/annenpolka/sitbone/Sources/SitboneCore/SitboneCore.swift:109  (brink field=TimeInterval)
           BRINK  5.0  /Users/annenpolka/ghq/github.com/annenpolka/sitbone/Sources/SitboneCore/SiteResolver.swift:156  (brink)
           BRINK  5  /Users/annenpolka/ghq/github.com/annenpolka/sitbone/Sources/SitboneUI/NotchOverlay.swift:618  (brink)
           MISS   4  /Users/annenpolka/ghq/github.com/annenpolka/sitbone/Sources/SitboneCore/BrowserSiteIdentity.swift:29  (miss)
           MISS   3  /Users/annenpolka/ghq/github.com/annenpolka/sitbone/Sources/SitboneCore/BrowserSiteIdentity.swift:38  (miss)
           MISS   3  /Users/annenpolka/ghq/github.com/annenpolka/sitbone/Sources/SitboneCore/GhostTeacherKeyBindings.swift:47  (miss field=keyCode)

BRINK      /Users/annenpolka/ghq/github.com/annenpolka/sitbone/Tests/SitboneCoreTests/SessionRecordCreationTests.swift:54  record.focusedElapsed >= 5.0
           corpus sits on the cut
           HIT    53  /Users/annenpolka/ghq/github.com/annenpolka/sitbone/Sources/SitboneCore/GhostTeacherKeyBindings.swift:26  (hit)
           HIT    36  /Users/annenpolka/ghq/github.com/annenpolka/sitbone/Sources/SitboneCore/GhostTeacherKeyBindings.swift:27  (hit)
           HIT    48  /Users/annenpolka/ghq/github.com/annenpolka/sitbone/Sources/SitboneCore/GhostTeacherKeyBindings.swift:28  (hit)
           HIT    49  /Users/annenpolka/ghq/github.com/annenpolka/sitbone/Sources/SitboneCore/GhostTeacherKeyBindings.swift:29  (hit)
           HIT    51  /Users/annenpolka/ghq/github.com/annenpolka/sitbone/Sources/SitboneCore/GhostTeacherKeyBindings.swift:30  (hit)
           BRINK  5  /Users/annenpolka/ghq/github.com/annenpolka/sitbone/Sources/SitboneCore/GhostTeacherKeyBindings.swift:62  (brink)
           BRINK  5  /Users/annenpolka/ghq/github.com/annenpolka/sitbone/Sources/SitboneCore/SitboneCore.swift:109  (brink field=TimeInterval)
           BRINK  5.0  /Users/annenpolka/ghq/github.com/annenpolka/sitbone/Sources/SitboneCore/SiteResolver.swift:156  (brink)
           BRINK  5  /Users/annenpolka/ghq/github.com/annenpolka/sitbone/Sources/SitboneUI/NotchOverlay.swift:618  (brink)
           MISS   4  /Users/annenpolka/ghq/github.com/annenpolka/sitbone/Sources/SitboneCore/BrowserSiteIdentity.swift:29  (miss)
           MISS   3  /Users/annenpolka/ghq/github.com/annenpolka/sitbone/Sources/SitboneCore/BrowserSiteIdentity.swift:38  (miss)
           MISS   3  /Users/annenpolka/ghq/github.com/annenpolka/sitbone/Sources/SitboneCore/GhostTeacherKeyBindings.swift:47  (miss field=keyCode)

BRINK      /Users/annenpolka/ghq/github.com/annenpolka/sitbone/Tests/SitboneCoreTests/SessionRecordCreationTests.swift:55  record.focusRatio > 0.9
           corpus sits on the cut
           HIT    4  /Users/annenpolka/ghq/github.com/annenpolka/sitbone/Sources/SitboneCore/BrowserSiteIdentity.swift:29  (hit)
           HIT    3  /Users/annenpolka/ghq/github.com/annenpolka/sitbone/Sources/SitboneCore/BrowserSiteIdentity.swift:38  (hit)
           HIT    53  /Users/annenpolka/ghq/github.com/annenpolka/sitbone/Sources/SitboneCore/GhostTeacherKeyBindings.swift:26  (hit)
           HIT    36  /Users/annenpolka/ghq/github.com/annenpolka/sitbone/Sources/SitboneCore/GhostTeacherKeyBindings.swift:27  (hit)
           HIT    48  /Users/annenpolka/ghq/github.com/annenpolka/sitbone/Sources/SitboneCore/GhostTeacherKeyBindings.swift:28  (hit)
           BRINK  0.9  /Users/annenpolka/ghq/github.com/annenpolka/sitbone/Sources/SitboneUI/NotchOverlay.swift:779  (brink)
           BRINK  0.92  /Users/annenpolka/ghq/github.com/annenpolka/sitbone/Sources/SitboneUI/NotchOverlay.swift:864  (brink)
           BRINK  0.92  /Users/annenpolka/ghq/github.com/annenpolka/sitbone/Sources/SitboneUI/NotchOverlay.swift:1118  (brink)
           BRINK  0.9  /Users/annenpolka/ghq/github.com/annenpolka/sitbone/Sources/SitboneUI/NotchOverlay.swift:1189  (brink field=brightness)
           MISS   0.45  /Users/annenpolka/ghq/github.com/annenpolka/sitbone/Sources/SitboneCore/PresenceArbiter.swift:33  (miss field=Double)
           MISS   0.35  /Users/annenpolka/ghq/github.com/annenpolka/sitbone/Sources/SitboneCore/PresenceArbiter.swift:34  (miss field=Double)
           MISS   0.3  /Users/annenpolka/ghq/github.com/annenpolka/sitbone/Sources/SitboneCore/PresenceArbiter.swift:35  (miss field=Double)

BRINK      /Users/annenpolka/ghq/github.com/annenpolka/sitbone/Tests/SitboneCoreTests/SystemSleepTests.swift:219  afterSecondCycle < 15
           corpus sits on the cut
           HIT    4  /Users/annenpolka/ghq/github.com/annenpolka/sitbone/Sources/SitboneCore/BrowserSiteIdentity.swift:29  (hit)
           HIT    3  /Users/annenpolka/ghq/github.com/annenpolka/sitbone/Sources/SitboneCore/BrowserSiteIdentity.swift:38  (hit)
           HIT    3  /Users/annenpolka/ghq/github.com/annenpolka/sitbone/Sources/SitboneCore/GhostTeacherKeyBindings.swift:47  (hit field=keyCode)
           HIT    3  /Users/annenpolka/ghq/github.com/annenpolka/sitbone/Sources/SitboneCore/GhostTeacherKeyBindings.swift:62  (hit)
           HIT    4  /Users/annenpolka/ghq/github.com/annenpolka/sitbone/Sources/SitboneCore/GhostTeacherKeyBindings.swift:62  (hit)
           BRINK  14  /Users/annenpolka/ghq/github.com/annenpolka/sitbone/Sources/SitboneCore/GhostTeacherKeyBindings.swift:63  (brink)
           BRINK  15  /Users/annenpolka/ghq/github.com/annenpolka/sitbone/Sources/SitboneCore/GhostTeacherKeyBindings.swift:63  (brink)
           BRINK  15  /Users/annenpolka/ghq/github.com/annenpolka/sitbone/Sources/SitboneCore/SitboneCore.swift:107  (brink field=TimeInterval)
           BRINK  14  /Users/annenpolka/ghq/github.com/annenpolka/sitbone/Sources/SitboneUI/NotchOverlay.swift:116  (brink field=CGFloat)
           MISS   53  /Users/annenpolka/ghq/github.com/annenpolka/sitbone/Sources/SitboneCore/GhostTeacherKeyBindings.swift:26  (miss)
           MISS   36  /Users/annenpolka/ghq/github.com/annenpolka/sitbone/Sources/SitboneCore/GhostTeacherKeyBindings.swift:27  (miss)
           MISS   48  /Users/annenpolka/ghq/github.com/annenpolka/sitbone/Sources/SitboneCore/GhostTeacherKeyBindings.swift:28  (miss)

BRINK      /Users/annenpolka/ghq/github.com/annenpolka/sitbone/Tests/SitboneCoreTests/TimelineTrackingTests.swift:24  duration >= 3.0
           corpus sits on the cut
           HIT    4  /Users/annenpolka/ghq/github.com/annenpolka/sitbone/Sources/SitboneCore/BrowserSiteIdentity.swift:29  (hit)
           HIT    3  /Users/annenpolka/ghq/github.com/annenpolka/sitbone/Sources/SitboneCore/BrowserSiteIdentity.swift:38  (hit)
           HIT    53  /Users/annenpolka/ghq/github.com/annenpolka/sitbone/Sources/SitboneCore/GhostTeacherKeyBindings.swift:26  (hit)
           HIT    36  /Users/annenpolka/ghq/github.com/annenpolka/sitbone/Sources/SitboneCore/GhostTeacherKeyBindings.swift:27  (hit)
           HIT    48  /Users/annenpolka/ghq/github.com/annenpolka/sitbone/Sources/SitboneCore/GhostTeacherKeyBindings.swift:28  (hit)
           BRINK  3  /Users/annenpolka/ghq/github.com/annenpolka/sitbone/Sources/SitboneCore/BrowserSiteIdentity.swift:38  (brink)
           BRINK  3  /Users/annenpolka/ghq/github.com/annenpolka/sitbone/Sources/SitboneCore/GhostTeacherKeyBindings.swift:47  (brink field=keyCode)
           BRINK  3  /Users/annenpolka/ghq/github.com/annenpolka/sitbone/Sources/SitboneCore/GhostTeacherKeyBindings.swift:62  (brink)
           BRINK  3  /Users/annenpolka/ghq/github.com/annenpolka/sitbone/Sources/SitboneCore/SiteResolver.swift:77  (brink)
           MISS   0.45  /Users/annenpolka/ghq/github.com/annenpolka/sitbone/Sources/SitboneCore/PresenceArbiter.swift:33  (miss field=Double)
           MISS   0.35  /Users/annenpolka/ghq/github.com/annenpolka/sitbone/Sources/SitboneCore/PresenceArbiter.swift:34  (miss field=Double)
           MISS   0.3  /Users/annenpolka/ghq/github.com/annenpolka/sitbone/Sources/SitboneCore/PresenceArbiter.swift:35  (miss field=Double)

BRINK      /Users/annenpolka/ghq/github.com/annenpolka/sitbone/Tests/SitboneCoreTests/TimelineTrackingTests.swift:105  duration >= 2.0
           corpus sits on the cut
           HIT    4  /Users/annenpolka/ghq/github.com/annenpolka/sitbone/Sources/SitboneCore/BrowserSiteIdentity.swift:29  (hit)
           HIT    3  /Users/annenpolka/ghq/github.com/annenpolka/sitbone/Sources/SitboneCore/BrowserSiteIdentity.swift:38  (hit)
           HIT    53  /Users/annenpolka/ghq/github.com/annenpolka/sitbone/Sources/SitboneCore/GhostTeacherKeyBindings.swift:26  (hit)
           HIT    36  /Users/annenpolka/ghq/github.com/annenpolka/sitbone/Sources/SitboneCore/GhostTeacherKeyBindings.swift:27  (hit)
           HIT    48  /Users/annenpolka/ghq/github.com/annenpolka/sitbone/Sources/SitboneCore/GhostTeacherKeyBindings.swift:28  (hit)
           BRINK  2.0  /Users/annenpolka/ghq/github.com/annenpolka/sitbone/Sources/SitboneSensors/GazeDetector.swift:46  (brink)
           BRINK  2.0  /Users/annenpolka/ghq/github.com/annenpolka/sitbone/Sources/SitboneSensors/GazeDetector.swift:47  (brink)
           BRINK  2.0  /Users/annenpolka/ghq/github.com/annenpolka/sitbone/Sources/SitboneSensors/GazeDetector.swift:48  (brink)
           MISS   0.45  /Users/annenpolka/ghq/github.com/annenpolka/sitbone/Sources/SitboneCore/PresenceArbiter.swift:33  (miss field=Double)
           MISS   0.35  /Users/annenpolka/ghq/github.com/annenpolka/sitbone/Sources/SitboneCore/PresenceArbiter.swift:34  (miss field=Double)
           MISS   0.3  /Users/annenpolka/ghq/github.com/annenpolka/sitbone/Sources/SitboneCore/PresenceArbiter.swift:35  (miss field=Double)

BRINK      /Users/annenpolka/ghq/github.com/annenpolka/sitbone/Tests/SitboneSensorsTests/GazeDetectorTests.swift:16  result.confidence > 0.8
           corpus sits on the cut
           HIT    4  /Users/annenpolka/ghq/github.com/annenpolka/sitbone/Sources/SitboneCore/BrowserSiteIdentity.swift:29  (hit)
           HIT    3  /Users/annenpolka/ghq/github.com/annenpolka/sitbone/Sources/SitboneCore/BrowserSiteIdentity.swift:38  (hit)
           HIT    53  /Users/annenpolka/ghq/github.com/annenpolka/sitbone/Sources/SitboneCore/GhostTeacherKeyBindings.swift:26  (hit)
           HIT    36  /Users/annenpolka/ghq/github.com/annenpolka/sitbone/Sources/SitboneCore/GhostTeacherKeyBindings.swift:27  (hit)
           HIT    48  /Users/annenpolka/ghq/github.com/annenpolka/sitbone/Sources/SitboneCore/GhostTeacherKeyBindings.swift:28  (hit)
           BRINK  0.8  /Users/annenpolka/ghq/github.com/annenpolka/sitbone/Sources/SitboneUI/NotchOverlay.swift:429  (brink field=duration)
           BRINK  0.8  /Users/annenpolka/ghq/github.com/annenpolka/sitbone/Sources/SitboneUI/NotchOverlay.swift:475  (brink field=duration)
           BRINK  0.8  /Users/annenpolka/ghq/github.com/annenpolka/sitbone/Sources/SitboneUI/NotchOverlay.swift:558  (brink field=dampingFraction)
           BRINK  0.8  /Users/annenpolka/ghq/github.com/annenpolka/sitbone/Sources/SitboneUI/NotchOverlay.swift:595  (brink field=dampingFraction)
           MISS   0.45  /Users/annenpolka/ghq/github.com/annenpolka/sitbone/Sources/SitboneCore/PresenceArbiter.swift:33  (miss field=Double)
           MISS   0.35  /Users/annenpolka/ghq/github.com/annenpolka/sitbone/Sources/SitboneCore/PresenceArbiter.swift:34  (miss field=Double)
           MISS   0.3  /Users/annenpolka/ghq/github.com/annenpolka/sitbone/Sources/SitboneCore/PresenceArbiter.swift:35  (miss field=Double)

BRINK      /Users/annenpolka/ghq/github.com/annenpolka/sitbone/Tests/SitboneSensorsTests/GazeDetectorTests.swift:105  result.confidence >= 0.95
           corpus sits on the cut
           HIT    4  /Users/annenpolka/ghq/github.com/annenpolka/sitbone/Sources/SitboneCore/BrowserSiteIdentity.swift:29  (hit)
           HIT    3  /Users/annenpolka/ghq/github.com/annenpolka/sitbone/Sources/SitboneCore/BrowserSiteIdentity.swift:38  (hit)
           HIT    53  /Users/annenpolka/ghq/github.com/annenpolka/sitbone/Sources/SitboneCore/GhostTeacherKeyBindings.swift:26  (hit)
           HIT    36  /Users/annenpolka/ghq/github.com/annenpolka/sitbone/Sources/SitboneCore/GhostTeacherKeyBindings.swift:27  (hit)
           HIT    48  /Users/annenpolka/ghq/github.com/annenpolka/sitbone/Sources/SitboneCore/GhostTeacherKeyBindings.swift:28  (hit)
           BRINK  0.92  /Users/annenpolka/ghq/github.com/annenpolka/sitbone/Sources/SitboneUI/NotchOverlay.swift:864  (brink)
           BRINK  0.92  /Users/annenpolka/ghq/github.com/annenpolka/sitbone/Sources/SitboneUI/NotchOverlay.swift:1118  (brink)
           BRINK  0.957  /Users/annenpolka/ghq/github.com/annenpolka/sitbone/Sources/SitboneUI/NotchOverlay.swift:1171  (brink field=red)
           BRINK  0.973  /Users/annenpolka/ghq/github.com/annenpolka/sitbone/Sources/SitboneUI/NotchOverlay.swift:1173  (brink field=blue)
           MISS   0.45  /Users/annenpolka/ghq/github.com/annenpolka/sitbone/Sources/SitboneCore/PresenceArbiter.swift:33  (miss field=Double)
           MISS   0.35  /Users/annenpolka/ghq/github.com/annenpolka/sitbone/Sources/SitboneCore/PresenceArbiter.swift:34  (miss field=Double)
           MISS   0.3  /Users/annenpolka/ghq/github.com/annenpolka/sitbone/Sources/SitboneCore/PresenceArbiter.swift:35  (miss field=Double)

BRINK      /Users/annenpolka/ghq/github.com/annenpolka/sitbone/Tests/SitboneSensorsTests/GazeDetectorTests.swift:115  result.confidence < 0.7
           corpus sits on the cut
           HIT    0.45  /Users/annenpolka/ghq/github.com/annenpolka/sitbone/Sources/SitboneCore/PresenceArbiter.swift:33  (hit field=Double)
           HIT    0.35  /Users/annenpolka/ghq/github.com/annenpolka/sitbone/Sources/SitboneCore/PresenceArbiter.swift:34  (hit field=Double)
           HIT    0.3  /Users/annenpolka/ghq/github.com/annenpolka/sitbone/Sources/SitboneCore/PresenceArbiter.swift:35  (hit field=Double)
           HIT    0.45  /Users/annenpolka/ghq/github.com/annenpolka/sitbone/Sources/SitboneCore/PresenceArbiter.swift:52  (hit field=Double)
           HIT    0.35  /Users/annenpolka/ghq/github.com/annenpolka/sitbone/Sources/SitboneCore/PresenceArbiter.swift:53  (hit field=Double)
           BRINK  0.7  /Users/annenpolka/ghq/github.com/annenpolka/sitbone/Sources/SitboneCore/SiteObserver.swift:45  (brink field=Double)
           BRINK  0.7  /Users/annenpolka/ghq/github.com/annenpolka/sitbone/Sources/SitboneSensors/GazeDetector.swift:56  (brink)
           BRINK  0.7  /Users/annenpolka/ghq/github.com/annenpolka/sitbone/Sources/SitboneUI/NotchOverlay.swift:437  (brink field=dampingFraction)
           BRINK  0.7  /Users/annenpolka/ghq/github.com/annenpolka/sitbone/Sources/SitboneUI/NotchOverlay.swift:483  (brink field=dampingFraction)
           MISS   4  /Users/annenpolka/ghq/github.com/annenpolka/sitbone/Sources/SitboneCore/BrowserSiteIdentity.swift:29  (miss)
           MISS   3  /Users/annenpolka/ghq/github.com/annenpolka/sitbone/Sources/SitboneCore/BrowserSiteIdentity.swift:38  (miss)
           MISS   53  /Users/annenpolka/ghq/github.com/annenpolka/sitbone/Sources/SitboneCore/GhostTeacherKeyBindings.swift:26  (miss)

ONE-SIDED  /Users/annenpolka/ghq/github.com/annenpolka/sitbone/Sources/SitboneCore/SiteObserver.swift:241  case == 'flow'
           corpus only ever constructs the true side
           HIT    'flow'  /Users/annenpolka/ghq/github.com/annenpolka/sitbone/Sources/SitboneCore/SitboneCore.swift:805  (exact)
           HIT    'flow'  /Users/annenpolka/ghq/github.com/annenpolka/sitbone/Sources/SitboneCore/SiteObserver.swift:229  (exact)
           HIT    'flow'  /Users/annenpolka/ghq/github.com/annenpolka/sitbone/Tests/SitboneCoreTests/SiteObserverPersistenceTests.swift:16  (exact)
           HIT    'flow'  /Users/annenpolka/ghq/github.com/annenpolka/sitbone/Tests/SitboneCoreTests/SiteObserverPersistenceTests.swift:21  (exact field=VS Code)

ONE-SIDED  /Users/annenpolka/ghq/github.com/annenpolka/sitbone/Sources/SitboneCore/SiteObserver.swift:242  case == 'drift'
           corpus only ever constructs the true side
           HIT    'drift'  /Users/annenpolka/ghq/github.com/annenpolka/sitbone/Sources/SitboneCore/SitboneCore.swift:806  (exact)
           HIT    'drift'  /Users/annenpolka/ghq/github.com/annenpolka/sitbone/Sources/SitboneCore/SiteObserver.swift:230  (exact)
           HIT    'drift'  /Users/annenpolka/ghq/github.com/annenpolka/sitbone/Tests/SitboneCoreTests/SiteObserverPersistenceTests.swift:15  (exact)
           HIT    'drift'  /Users/annenpolka/ghq/github.com/annenpolka/sitbone/Tests/SitboneCoreTests/SiteObserverPersistenceTests.swift:21  (exact field=Twitter)

ONE-SIDED  /Users/annenpolka/ghq/github.com/annenpolka/sitbone/Sources/SitboneSensors/SitboneSensors.swift:110  case == 'Safari'
           corpus only ever constructs the true side
           HIT    'Safari'  /Users/annenpolka/ghq/github.com/annenpolka/sitbone/Sources/SitboneCore/WindowTitleParser.swift:9  (exact)
           HIT    'Safari'  /Users/annenpolka/ghq/github.com/annenpolka/sitbone/Sources/SitboneSensors/SitboneSensors.swift:112  (exact)
           HIT    'Safari'  /Users/annenpolka/ghq/github.com/annenpolka/sitbone/Tests/SitboneCoreTests/WindowTitleParserTests.swift:27  (exact field=app)
           HIT    'Safari'  /Users/annenpolka/ghq/github.com/annenpolka/sitbone/Tests/SitboneCoreTests/WindowTitleParserTests.swift:61  (exact)

ONE-SIDED  /Users/annenpolka/ghq/github.com/annenpolka/sitbone/Tests/SitboneCoreTests/BrowserSiteKeyUnificationTests.swift:24  engine.currentSite == 'zenn.dev'
           corpus only ever constructs the true side
           HIT    'zenn.dev'  /Users/annenpolka/ghq/github.com/annenpolka/sitbone/Tests/SitboneCoreTests/BrowserSiteKeyUnificationTests.swift:63  (exact field=site)
           HIT    'zenn.dev'  /Users/annenpolka/ghq/github.com/annenpolka/sitbone/Tests/SitboneCoreTests/BrowserSiteKeyUnificationTests.swift:114  (exact field=site)
           HIT    'zenn.dev'  /Users/annenpolka/ghq/github.com/annenpolka/sitbone/Tests/SitboneCoreTests/BrowserSiteKeyUnificationTests.swift:132  (exact)
           HIT    'zenn.dev'  /Users/annenpolka/ghq/github.com/annenpolka/sitbone/Tests/SitboneCoreTests/BrowserSiteKeyUnificationTests.swift:163  (exact)
           HIT    'zenn.dev'  /Users/annenpolka/ghq/github.com/annenpolka/sitbone/Tests/SitboneCoreTests/BrowserSiteKeyUnificationTests.swift:186  (exact)

ONE-SIDED  /Users/annenpolka/ghq/github.com/annenpolka/sitbone/Tests/SitboneCoreTests/BrowserSiteKeyUnificationTests.swift:38  engine.currentSite == 'YouTube'
           corpus only ever constructs the true side
           HIT    'YouTube'  /Users/annenpolka/ghq/github.com/annenpolka/sitbone/Tests/SitboneCoreTests/BrowserSiteKeyUnificationTests.swift:79  (exact field=site)
           HIT    'YouTube'  /Users/annenpolka/ghq/github.com/annenpolka/sitbone/Tests/SitboneCoreTests/BrowserSiteKeyUnificationTests.swift:218  (exact field=site)
           HIT    'YouTube'  /Users/annenpolka/ghq/github.com/annenpolka/sitbone/Tests/SitboneCoreTests/BrowserSiteKeyUnificationTests.swift:223  (exact)
           HIT    'YouTube'  /Users/annenpolka/ghq/github.com/annenpolka/sitbone/Tests/SitboneCoreTests/BrowserSiteKeyUnificationTests.swift:234  (exact)
           HIT    'YouTube'  /Users/annenpolka/ghq/github.com/annenpolka/sitbone/Tests/SitboneCoreTests/BrowserSiteKeyUnificationTests.swift:264  (exact field=titleSite)

ONE-SIDED  /Users/annenpolka/ghq/github.com/annenpolka/sitbone/Tests/SitboneCoreTests/BrowserSiteKeyUnificationTests.swift:52  engine.currentSite == 'zenn.dev'
           corpus only ever constructs the true side
           HIT    'zenn.dev'  /Users/annenpolka/ghq/github.com/annenpolka/sitbone/Tests/SitboneCoreTests/BrowserSiteKeyUnificationTests.swift:63  (exact field=site)
           HIT    'zenn.dev'  /Users/annenpolka/ghq/github.com/annenpolka/sitbone/Tests/SitboneCoreTests/BrowserSiteKeyUnificationTests.swift:114  (exact field=site)
           HIT    'zenn.dev'  /Users/annenpolka/ghq/github.com/annenpolka/sitbone/Tests/SitboneCoreTests/BrowserSiteKeyUnificationTests.swift:132  (exact)
           HIT    'zenn.dev'  /Users/annenpolka/ghq/github.com/annenpolka/sitbone/Tests/SitboneCoreTests/BrowserSiteKeyUnificationTests.swift:163  (exact)
           HIT    'zenn.dev'  /Users/annenpolka/ghq/github.com/annenpolka/sitbone/Tests/SitboneCoreTests/BrowserSiteKeyUnificationTests.swift:186  (exact)

ONE-SIDED  /Users/annenpolka/ghq/github.com/annenpolka/sitbone/Tests/SitboneCoreTests/BrowserSiteKeyUnificationTests.swift:68  engine.currentSite == 'zenn.dev'
           corpus only ever constructs the true side
           HIT    'zenn.dev'  /Users/annenpolka/ghq/github.com/annenpolka/sitbone/Tests/SitboneCoreTests/BrowserSiteKeyUnificationTests.swift:63  (exact field=site)
           HIT    'zenn.dev'  /Users/annenpolka/ghq/github.com/annenpolka/sitbone/Tests/SitboneCoreTests/BrowserSiteKeyUnificationTests.swift:114  (exact field=site)
           HIT    'zenn.dev'  /Users/annenpolka/ghq/github.com/annenpolka/sitbone/Tests/SitboneCoreTests/BrowserSiteKeyUnificationTests.swift:132  (exact)
           HIT    'zenn.dev'  /Users/annenpolka/ghq/github.com/annenpolka/sitbone/Tests/SitboneCoreTests/BrowserSiteKeyUnificationTests.swift:163  (exact)
           HIT    'zenn.dev'  /Users/annenpolka/ghq/github.com/annenpolka/sitbone/Tests/SitboneCoreTests/BrowserSiteKeyUnificationTests.swift:186  (exact)

ONE-SIDED  /Users/annenpolka/ghq/github.com/annenpolka/sitbone/Tests/SitboneCoreTests/BrowserSiteKeyUnificationTests.swift:83  engine.currentSite == 'youtube.com'
           corpus only ever constructs the true side
           HIT    'youtube.com'  /Users/annenpolka/ghq/github.com/annenpolka/sitbone/Tests/SitboneCoreTests/BrowserSiteKeyUnificationTests.swift:223  (exact field=YouTube)
           HIT    'youtube.com'  /Users/annenpolka/ghq/github.com/annenpolka/sitbone/Tests/SitboneCoreTests/BrowserSiteKeyUnificationTests.swift:232  (exact field=for)
           HIT    'youtube.com'  /Users/annenpolka/ghq/github.com/annenpolka/sitbone/Tests/SitboneCoreTests/BrowserSiteKeyUnificationTests.swift:264  (exact field=domain)
           HIT    'youtube.com'  /Users/annenpolka/ghq/github.com/annenpolka/sitbone/Tests/SitboneCoreTests/SiteResolutionTests.swift:175  (exact)

ONE-SIDED  /Users/annenpolka/ghq/github.com/annenpolka/sitbone/Tests/SitboneCoreTests/BrowserSiteKeyUnificationTests.swift:141  engine.currentSite == 'zenn.dev'
           corpus only ever constructs the true side
           HIT    'zenn.dev'  /Users/annenpolka/ghq/github.com/annenpolka/sitbone/Tests/SitboneCoreTests/BrowserSiteKeyUnificationTests.swift:63  (exact field=site)
           HIT    'zenn.dev'  /Users/annenpolka/ghq/github.com/annenpolka/sitbone/Tests/SitboneCoreTests/BrowserSiteKeyUnificationTests.swift:114  (exact field=site)
           HIT    'zenn.dev'  /Users/annenpolka/ghq/github.com/annenpolka/sitbone/Tests/SitboneCoreTests/BrowserSiteKeyUnificationTests.swift:132  (exact)
           HIT    'zenn.dev'  /Users/annenpolka/ghq/github.com/annenpolka/sitbone/Tests/SitboneCoreTests/BrowserSiteKeyUnificationTests.swift:163  (exact)
           HIT    'zenn.dev'  /Users/annenpolka/ghq/github.com/annenpolka/sitbone/Tests/SitboneCoreTests/BrowserSiteKeyUnificationTests.swift:186  (exact)

ONE-SIDED  /Users/annenpolka/ghq/github.com/annenpolka/sitbone/Tests/SitboneCoreTests/BrowserSiteKeyUnificationTests.swift:155  engine.currentSite == 'Zenn'
           corpus only ever constructs the true side
           HIT    'Zenn'  /Users/annenpolka/ghq/github.com/annenpolka/sitbone/Tests/SitboneCoreTests/BrowserSiteKeyUnificationTests.swift:20  (exact field=site)
           HIT    'Zenn'  /Users/annenpolka/ghq/github.com/annenpolka/sitbone/Tests/SitboneCoreTests/BrowserSiteKeyUnificationTests.swift:100  (exact)
           HIT    'Zenn'  /Users/annenpolka/ghq/github.com/annenpolka/sitbone/Tests/SitboneCoreTests/BrowserSiteKeyUnificationTests.swift:117  (exact field=for)
           HIT    'Zenn'  /Users/annenpolka/ghq/github.com/annenpolka/sitbone/Tests/SitboneCoreTests/BrowserSiteKeyUnificationTests.swift:177  (exact)
           HIT    'Zenn'  /Users/annenpolka/ghq/github.com/annenpolka/sitbone/Tests/SitboneCoreTests/BrowserSiteKeyUnificationTests.swift:187  (exact)

ONE-SIDED  /Users/annenpolka/ghq/github.com/annenpolka/sitbone/Tests/SitboneCoreTests/BrowserSiteKeyUnificationTests.swift:162  engine.currentSite == 'zenn.dev'
           corpus only ever constructs the true side
           HIT    'zenn.dev'  /Users/annenpolka/ghq/github.com/annenpolka/sitbone/Tests/SitboneCoreTests/BrowserSiteKeyUnificationTests.swift:63  (exact field=site)
           HIT    'zenn.dev'  /Users/annenpolka/ghq/github.com/annenpolka/sitbone/Tests/SitboneCoreTests/BrowserSiteKeyUnificationTests.swift:114  (exact field=site)
           HIT    'zenn.dev'  /Users/annenpolka/ghq/github.com/annenpolka/sitbone/Tests/SitboneCoreTests/BrowserSiteKeyUnificationTests.swift:132  (exact)
           HIT    'zenn.dev'  /Users/annenpolka/ghq/github.com/annenpolka/sitbone/Tests/SitboneCoreTests/BrowserSiteKeyUnificationTests.swift:163  (exact)
           HIT    'zenn.dev'  /Users/annenpolka/ghq/github.com/annenpolka/sitbone/Tests/SitboneCoreTests/BrowserSiteKeyUnificationTests.swift:186  (exact)

ONE-SIDED  /Users/annenpolka/ghq/github.com/annenpolka/sitbone/Tests/SitboneCoreTests/BrowserSiteKeyUnificationTests.swift:184  engine.currentSite == 'zenn.dev'
           corpus only ever constructs the true side
           HIT    'zenn.dev'  /Users/annenpolka/ghq/github.com/annenpolka/sitbone/Tests/SitboneCoreTests/BrowserSiteKeyUnificationTests.swift:63  (exact field=site)
           HIT    'zenn.dev'  /Users/annenpolka/ghq/github.com/annenpolka/sitbone/Tests/SitboneCoreTests/BrowserSiteKeyUnificationTests.swift:114  (exact field=site)
           HIT    'zenn.dev'  /Users/annenpolka/ghq/github.com/annenpolka/sitbone/Tests/SitboneCoreTests/BrowserSiteKeyUnificationTests.swift:132  (exact)
           HIT    'zenn.dev'  /Users/annenpolka/ghq/github.com/annenpolka/sitbone/Tests/SitboneCoreTests/BrowserSiteKeyUnificationTests.swift:163  (exact)
           HIT    'zenn.dev'  /Users/annenpolka/ghq/github.com/annenpolka/sitbone/Tests/SitboneCoreTests/BrowserSiteKeyUnificationTests.swift:186  (exact)

ONE-SIDED  /Users/annenpolka/ghq/github.com/annenpolka/sitbone/Tests/SitboneCoreTests/DriftSoundTests.swift:42  engine.driftSoundName == 'Glass'
           corpus only ever constructs the true side
           HIT    'Glass'  /Users/annenpolka/ghq/github.com/annenpolka/sitbone/Sources/SitboneUI/SitboneUI.swift:288  (exact)
           HIT    'Glass'  /Users/annenpolka/ghq/github.com/annenpolka/sitbone/Tests/SitboneCoreTests/DriftSoundTests.swift:41  (exact field=driftSoundName)
           HIT    'Glass'  /Users/annenpolka/ghq/github.com/annenpolka/sitbone/Tests/SitboneCoreTests/DriftSoundTests.swift:62  (exact field=driftSoundName)

ONE-SIDED  /Users/annenpolka/ghq/github.com/annenpolka/sitbone/Tests/SitboneCoreTests/DriftSoundTests.swift:67  engine2.driftSoundName == 'Glass'
           corpus only ever constructs the true side
           HIT    'Glass'  /Users/annenpolka/ghq/github.com/annenpolka/sitbone/Sources/SitboneUI/SitboneUI.swift:288  (exact)
           HIT    'Glass'  /Users/annenpolka/ghq/github.com/annenpolka/sitbone/Tests/SitboneCoreTests/DriftSoundTests.swift:41  (exact field=driftSoundName)
           HIT    'Glass'  /Users/annenpolka/ghq/github.com/annenpolka/sitbone/Tests/SitboneCoreTests/DriftSoundTests.swift:62  (exact field=driftSoundName)

ONE-SIDED  /Users/annenpolka/ghq/github.com/annenpolka/sitbone/Tests/SitboneCoreTests/SessionEngineExtendedTests.swift:106  engine.currentApp == 'Google Chrome'
           corpus only ever constructs the true side
           HIT    'Google Chrome'  /Users/annenpolka/ghq/github.com/annenpolka/sitbone/Sources/SitboneCore/WindowTitleParser.swift:9  (exact)
           HIT    'Google Chrome'  /Users/annenpolka/ghq/github.com/annenpolka/sitbone/Sources/SitboneSensors/SitboneSensors.swift:87  (exact)
           HIT    'Google Chrome'  /Users/annenpolka/ghq/github.com/annenpolka/sitbone/Tests/SitboneCoreTests/BrowserSiteKeyUnificationTests.swift:15  (exact field=appName)
           HIT    'Google Chrome'  /Users/annenpolka/ghq/github.com/annenpolka/sitbone/Tests/SitboneCoreTests/BrowserSiteKeyUnificationTests.swift:30  (exact field=appName)
           HIT    'Google Chrome'  /Users/annenpolka/ghq/github.com/annenpolka/sitbone/Tests/SitboneCoreTests/BrowserSiteKeyUnificationTests.swift:44  (exact field=appName)

ONE-SIDED  /Users/annenpolka/ghq/github.com/annenpolka/sitbone/Tests/SitboneCoreTests/SessionEngineExtendedTests.swift:131  engine.currentSite == 'github.com'
           corpus only ever constructs the true side
           HIT    'github.com'  /Users/annenpolka/ghq/github.com/annenpolka/sitbone/Tests/SitboneCoreTests/SessionEngineExtendedTests.swift:159  (exact)
           HIT    'github.com'  /Users/annenpolka/ghq/github.com/annenpolka/sitbone/Tests/SitboneCoreTests/SiteResolutionTests.swift:169  (exact)

ONE-SIDED  /Users/annenpolka/ghq/github.com/annenpolka/sitbone/Tests/SitboneCoreTests/SessionEngineExtendedTests.swift:132  engine.pendingGhostTeacher == 'github.com'
           corpus only ever constructs the true side
           HIT    'github.com'  /Users/annenpolka/ghq/github.com/annenpolka/sitbone/Tests/SitboneCoreTests/SessionEngineExtendedTests.swift:159  (exact)
           HIT    'github.com'  /Users/annenpolka/ghq/github.com/annenpolka/sitbone/Tests/SitboneCoreTests/SiteResolutionTests.swift:169  (exact)

ONE-SIDED  /Users/annenpolka/ghq/github.com/annenpolka/sitbone/Tests/SitboneCoreTests/SessionEngineExtendedTests.swift:139  engine.currentSite == 'github.com'
           corpus only ever constructs the true side
           HIT    'github.com'  /Users/annenpolka/ghq/github.com/annenpolka/sitbone/Tests/SitboneCoreTests/SessionEngineExtendedTests.swift:159  (exact)
           HIT    'github.com'  /Users/annenpolka/ghq/github.com/annenpolka/sitbone/Tests/SitboneCoreTests/SiteResolutionTests.swift:169  (exact)

ONE-SIDED  /Users/annenpolka/ghq/github.com/annenpolka/sitbone/Tests/SitboneCoreTests/SessionEngineExtendedTests.swift:140  engine.pendingGhostTeacher == 'github.com'
           corpus only ever constructs the true side
           HIT    'github.com'  /Users/annenpolka/ghq/github.com/annenpolka/sitbone/Tests/SitboneCoreTests/SessionEngineExtendedTests.swift:159  (exact)
           HIT    'github.com'  /Users/annenpolka/ghq/github.com/annenpolka/sitbone/Tests/SitboneCoreTests/SiteResolutionTests.swift:169  (exact)

ONE-SIDED  /Users/annenpolka/ghq/github.com/annenpolka/sitbone/Tests/SitboneCoreTests/SessionEngineExtendedTests.swift:165  engine.currentSite == 'github.com'
           corpus only ever constructs the true side
           HIT    'github.com'  /Users/annenpolka/ghq/github.com/annenpolka/sitbone/Tests/SitboneCoreTests/SessionEngineExtendedTests.swift:159  (exact)
           HIT    'github.com'  /Users/annenpolka/ghq/github.com/annenpolka/sitbone/Tests/SitboneCoreTests/SiteResolutionTests.swift:169  (exact)

ONE-SIDED  /Users/annenpolka/ghq/github.com/annenpolka/sitbone/Tests/SitboneCoreTests/SessionEngineExtendedTests.swift:189  engine.currentApp == 'Xcode'
           corpus only ever constructs the true side
           HIT    'Xcode'  /Users/annenpolka/ghq/github.com/annenpolka/sitbone/Sources/SitboneSensors/SitboneSensors.swift:167  (exact)
           HIT    'Xcode'  /Users/annenpolka/ghq/github.com/annenpolka/sitbone/Tests/SitboneCoreTests/SessionEngineExtendedTests.swift:71  (exact)
           HIT    'Xcode'  /Users/annenpolka/ghq/github.com/annenpolka/sitbone/Tests/SitboneCoreTests/SessionEngineExtendedTests.swift:173  (exact field=appName)

ONE-SIDED  /Users/annenpolka/ghq/github.com/annenpolka/sitbone/Tests/SitboneCoreTests/SiteResolutionTests.swift:136  result.candidates contains 'YouTube'
           corpus only ever constructs the true side
           HIT    'YouTube'  /Users/annenpolka/ghq/github.com/annenpolka/sitbone/Tests/SitboneCoreTests/BrowserSiteKeyUnificationTests.swift:79  (exact field=site)
           HIT    'YouTube'  /Users/annenpolka/ghq/github.com/annenpolka/sitbone/Tests/SitboneCoreTests/BrowserSiteKeyUnificationTests.swift:218  (exact field=site)
           HIT    'YouTube'  /Users/annenpolka/ghq/github.com/annenpolka/sitbone/Tests/SitboneCoreTests/BrowserSiteKeyUnificationTests.swift:223  (exact)
           HIT    'YouTube'  /Users/annenpolka/ghq/github.com/annenpolka/sitbone/Tests/SitboneCoreTests/BrowserSiteKeyUnificationTests.swift:234  (exact)
           HIT    'YouTube'  /Users/annenpolka/ghq/github.com/annenpolka/sitbone/Tests/SitboneCoreTests/BrowserSiteKeyUnificationTests.swift:264  (exact field=titleSite)
