NIGH       app.rs:4006  msg startswith 'scar:'
           no exact producer; nearest vocabulary grazes the cut
           NIGH   '[scar]'  ui/footer.rs:117  (inflection d=0)

NIGH       hook/tests.rs:227  ctx contains 'src/foo.rs:10'
           no exact producer; nearest vocabulary grazes the cut
           NIGH   'src/foo.rs'  app.rs:4077  (affix d=3)
           family 'src/Auth.rs'@app.rs:2618, 'src/handler.rs'@app.rs:2619, 'src/Auth.rs'@app.rs:2628, 'src/main.rs'@app.rs:3929

NIGH       hook/tests.rs:243  ctx contains 'src/foo.rs:5'
           no exact producer; nearest vocabulary grazes the cut
           NIGH   'src/foo.rs'  app.rs:4077  (affix d=2)
           family 'src/Auth.rs'@app.rs:2618, 'src/handler.rs'@app.rs:2619, 'src/Auth.rs'@app.rs:2628, 'src/main.rs'@app.rs:3929

NIGH       hook/tests.rs:260  ctx contains 'lib.py:3'
           no exact producer; nearest vocabulary grazes the cut
           NIGH   'lib.py'  hook/tests.rs:251  (affix d=2)
           family 'lib.rs'@app.rs:3977, 'lib.rs'@app.rs:3984, 'lib.rs'@app.rs:4105, 'lib.rs'@app.rs:4791

NIGH       ui/tests.rs:668  view contains '-DELETED_LINE'
           no exact producer; nearest vocabulary grazes the cut
           NIGH   'DELETED_LINE'  ui/tests.rs:658  (inflection d=0)

CLOSED     app.rs:2755  err startswith 'R:'
           compared-to value is never constructed in-repo

CLOSED     git.rs:1000  diff contains 'API_TOKEN'
           compared-to value is never constructed in-repo

CLOSED     hook/scan.rs:61  trimmed startswith '```'
           compared-to value is never constructed in-repo

CLOSED     hook/tests.rs:405  name startswith '1700000000000-Edit-'
           compared-to value is never constructed in-repo

CLOSED     scar.rs:510  path in ['Makefile', 'Dockerfile', 'LICENSE', 'README']
           compared-to value is never constructed in-repo

CLOSED     stream.rs:95  raw startswith '---'
           compared-to value is never constructed in-repo

CLOSED     ui/tests.rs:1258  view contains 'L10'
           compared-to value is never constructed in-repo

CLOSED     ui/tests.rs:1300  view contains 'L1-3'
           compared-to value is never constructed in-repo
