NIGH       /Users/annenpolka/ghq/github.com/annenpolka/voidtrace/packages/kernel/src/trace-replay.ts:735  expectedTickKind === 'forced-slash'
           no exact producer; nearest vocabulary grazes the cut
           NIGH   'Forced Slash'  /Users/annenpolka/ghq/github.com/annenpolka/voidtrace/packages/kernel/src/trace-replay.ts:2713  (inflection d=0)

NIGH       /Users/annenpolka/ghq/github.com/annenpolka/voidtrace/packages/kernel/src/trace-replay.ts:2713  expectedTickKind === 'forced-slash'
           no exact producer; nearest vocabulary grazes the cut
           NIGH   'Forced Slash'  /Users/annenpolka/ghq/github.com/annenpolka/voidtrace/packages/kernel/src/trace-replay.ts:735  (inflection d=0)

NIGH       /Users/annenpolka/ghq/github.com/annenpolka/voidtrace/tools/check-boundaries.ts:130  error.code === 'ENOENT'
           no exact producer; nearest vocabulary grazes the cut
           NIGH   'event'  /Users/annenpolka/ghq/github.com/annenpolka/voidtrace/packages/kernel/src/rng.test.ts:54  (typo d=2 field=logicalEventId)

NIGH       /Users/annenpolka/ghq/github.com/annenpolka/voidtrace/tools/spec-check/src/compare.ts:34  error.code === 'ENOENT'
           no exact producer; nearest vocabulary grazes the cut
           NIGH   'event'  /Users/annenpolka/ghq/github.com/annenpolka/voidtrace/packages/kernel/src/rng.test.ts:54  (typo d=2 field=logicalEventId)

NIGH       /Users/annenpolka/ghq/github.com/annenpolka/voidtrace/tools/spec-check/src/compare.ts:49  error.code === 'ENOENT'
           no exact producer; nearest vocabulary grazes the cut
           NIGH   'event'  /Users/annenpolka/ghq/github.com/annenpolka/voidtrace/packages/kernel/src/rng.test.ts:54  (typo d=2 field=logicalEventId)

NIGH       /Users/annenpolka/ghq/github.com/annenpolka/voidtrace/tools/spec-gen/src/generate.ts:15  error.code === 'ENOENT'
           no exact producer; nearest vocabulary grazes the cut
           NIGH   'event'  /Users/annenpolka/ghq/github.com/annenpolka/voidtrace/packages/kernel/src/rng.test.ts:54  (typo d=2 field=logicalEventId)

CLOSED     /Users/annenpolka/ghq/github.com/annenpolka/voidtrace/specs/contracts/model.pkl:83  Regex in '[A-Z][A-Za-z0-9]*'
           compared-to value is never constructed in-repo

CLOSED     /Users/annenpolka/ghq/github.com/annenpolka/voidtrace/specs/patterns/base.pkl:12  Regex in '[A-Z][A-Z0-9]{2}-d{3}'
           compared-to value is never constructed in-repo

CLOSED     /Users/annenpolka/ghq/github.com/annenpolka/voidtrace/tools/check-boundaries.ts:118  entry.name === 'node_modules'
           compared-to value is never constructed in-repo

ONE-SIDED  /Users/annenpolka/ghq/github.com/annenpolka/voidtrace/packages/contracts/src/canonical-json.test.ts:144  property === 'kind'
           corpus only ever constructs the true side
           HIT    'kind'  /Users/annenpolka/ghq/github.com/annenpolka/voidtrace/packages/contracts/src/artifact-ref.ts:15  (exact)
           HIT    'kind'  /Users/annenpolka/ghq/github.com/annenpolka/voidtrace/packages/experiments/src/finite-breakpoint.test.ts:112  (exact)
           HIT    'kind'  /Users/annenpolka/ghq/github.com/annenpolka/voidtrace/packages/experiments/src/finite-sweep.test.ts:82  (exact)
           HIT    'kind'  /Users/annenpolka/ghq/github.com/annenpolka/voidtrace/packages/rules/src/execution.ts:6  (exact)
           HIT    'kind'  /Users/annenpolka/ghq/github.com/annenpolka/voidtrace/packages/spec-artifacts/src/contracts.generated.ts:6  (exact)

ONE-SIDED  /Users/annenpolka/ghq/github.com/annenpolka/voidtrace/packages/experiments/src/finite-breakpoint.test.ts:760  side === 'left'
           corpus only ever constructs the true side
           HIT    'left'  /Users/annenpolka/ghq/github.com/annenpolka/voidtrace/packages/experiments/src/finite-breakpoint.test.ts:82  (exact field=SideName)
           HIT    'left'  /Users/annenpolka/ghq/github.com/annenpolka/voidtrace/packages/experiments/src/finite-breakpoint.test.ts:839  (exact)
           HIT    'left'  /Users/annenpolka/ghq/github.com/annenpolka/voidtrace/packages/experiments/src/finite-breakpoint.ts:35  (exact)
           HIT    'left'  /Users/annenpolka/ghq/github.com/annenpolka/voidtrace/packages/experiments/src/finite-breakpoint.ts:83  (exact)
           HIT    'left'  /Users/annenpolka/ghq/github.com/annenpolka/voidtrace/packages/experiments/src/finite-breakpoint.ts:128  (exact field=side)

ONE-SIDED  /Users/annenpolka/ghq/github.com/annenpolka/voidtrace/packages/experiments/src/scenario-patch.test.ts:535  trap === 'getPrototypeOf'
           corpus only ever constructs the true side
           HIT    'getPrototypeOf'  /Users/annenpolka/ghq/github.com/annenpolka/voidtrace/packages/experiments/src/scenario-patch.test.ts:528  (exact)

ONE-SIDED  /Users/annenpolka/ghq/github.com/annenpolka/voidtrace/packages/experiments/src/scenario-patch.test.ts:540  trap === 'ownKeys'
           corpus only ever constructs the true side
           HIT    'ownKeys'  /Users/annenpolka/ghq/github.com/annenpolka/voidtrace/packages/experiments/src/scenario-patch.test.ts:528  (exact)

ONE-SIDED  /Users/annenpolka/ghq/github.com/annenpolka/voidtrace/packages/kernel/src/scenario-domain.ts:2872  actionKind === 'fixed-pellets'
           corpus only ever constructs the true side
           HIT    'fixed-pellets'  /Users/annenpolka/ghq/github.com/annenpolka/voidtrace/packages/kernel/src/scenario-domain.test.ts:1187  (exact field=kind)
           HIT    'fixed-pellets'  /Users/annenpolka/ghq/github.com/annenpolka/voidtrace/packages/kernel/src/scenario-domain.ts:117  (exact)

ONE-SIDED  /Users/annenpolka/ghq/github.com/annenpolka/voidtrace/packages/kernel/src/trace-replay.ts:680  tickAggregateSeen === 'beam'
           corpus only ever constructs the true side
           HIT    'beam'  /Users/annenpolka/ghq/github.com/annenpolka/voidtrace/data/fixtures/catalog-mini/catalog-beam.json:1  (exact field=delivery)
           HIT    'beam'  /Users/annenpolka/ghq/github.com/annenpolka/voidtrace/packages/spec-artifacts/src/contracts.generated.ts:57  (exact)
           HIT    'beam'  /Users/annenpolka/ghq/github.com/annenpolka/voidtrace/packages/spec-artifacts/src/schemas/catalog-snapshot.schema.json:1  (exact field=enum)
           HIT    'beam'  /Users/annenpolka/ghq/github.com/annenpolka/voidtrace/specs/contracts/catalog.pkl:67  (exact)

ONE-SIDED  /Users/annenpolka/ghq/github.com/annenpolka/voidtrace/packages/kernel/src/trace-replay.ts:735  expectedTickKind === 'beam'
           corpus only ever constructs the true side
           HIT    'beam'  /Users/annenpolka/ghq/github.com/annenpolka/voidtrace/data/fixtures/catalog-mini/catalog-beam.json:1  (exact field=delivery)
           HIT    'beam'  /Users/annenpolka/ghq/github.com/annenpolka/voidtrace/packages/spec-artifacts/src/contracts.generated.ts:57  (exact)
           HIT    'beam'  /Users/annenpolka/ghq/github.com/annenpolka/voidtrace/packages/spec-artifacts/src/schemas/catalog-snapshot.schema.json:1  (exact field=enum)
           HIT    'beam'  /Users/annenpolka/ghq/github.com/annenpolka/voidtrace/specs/contracts/catalog.pkl:67  (exact)

ONE-SIDED  /Users/annenpolka/ghq/github.com/annenpolka/voidtrace/packages/kernel/src/trace-replay.ts:2713  expectedTickKind === 'beam'
           corpus only ever constructs the true side
           HIT    'beam'  /Users/annenpolka/ghq/github.com/annenpolka/voidtrace/data/fixtures/catalog-mini/catalog-beam.json:1  (exact field=delivery)
           HIT    'beam'  /Users/annenpolka/ghq/github.com/annenpolka/voidtrace/packages/spec-artifacts/src/contracts.generated.ts:57  (exact)
           HIT    'beam'  /Users/annenpolka/ghq/github.com/annenpolka/voidtrace/packages/spec-artifacts/src/schemas/catalog-snapshot.schema.json:1  (exact field=enum)
           HIT    'beam'  /Users/annenpolka/ghq/github.com/annenpolka/voidtrace/specs/contracts/catalog.pkl:67  (exact)

ONE-SIDED  /Users/annenpolka/ghq/github.com/annenpolka/voidtrace/packages/runtime-node/src/application.ts:189  case == 'unsupported-critical-chance'
           corpus only ever constructs the true side
           HIT    'unsupported-critical-chance'  /Users/annenpolka/ghq/github.com/annenpolka/voidtrace/packages/kernel/src/evaluate.test.ts:3690  (exact field=code)
           HIT    'unsupported-critical-chance'  /Users/annenpolka/ghq/github.com/annenpolka/voidtrace/packages/kernel/src/evaluate.ts:51  (exact)

ONE-SIDED  /Users/annenpolka/ghq/github.com/annenpolka/voidtrace/packages/runtime-node/src/application.ts:190  case == 'unsupported-critical-multiplier'
           corpus only ever constructs the true side
           HIT    'unsupported-critical-multiplier'  /Users/annenpolka/ghq/github.com/annenpolka/voidtrace/packages/kernel/src/evaluate.test.ts:3726  (exact field=code)
           HIT    'unsupported-critical-multiplier'  /Users/annenpolka/ghq/github.com/annenpolka/voidtrace/packages/kernel/src/evaluate.ts:52  (exact)
           HIT    'unsupported-critical-multiplier'  /Users/annenpolka/ghq/github.com/annenpolka/voidtrace/packages/rules/src/errors.ts:13  (exact)
           HIT    'unsupported-critical-multiplier'  /Users/annenpolka/ghq/github.com/annenpolka/voidtrace/packages/rules/src/execution.test.ts:1196  (exact field=code)

ONE-SIDED  /Users/annenpolka/ghq/github.com/annenpolka/voidtrace/packages/runtime-node/src/application.ts:191  case == 'unsupported-delivery'
           corpus only ever constructs the true side
           HIT    'unsupported-delivery'  /Users/annenpolka/ghq/github.com/annenpolka/voidtrace/packages/kernel/src/evaluate.ts:50  (exact)

ONE-SIDED  /Users/annenpolka/ghq/github.com/annenpolka/voidtrace/packages/runtime-node/src/application.ts:193  case == 'scenario-invalid'
           corpus only ever constructs the true side
           HIT    'scenario-invalid'  /Users/annenpolka/ghq/github.com/annenpolka/voidtrace/packages/experiments/src/index.test.ts:406  (exact field=code)
           HIT    'scenario-invalid'  /Users/annenpolka/ghq/github.com/annenpolka/voidtrace/packages/experiments/src/patch-backed-experiment.test.ts:781  (exact field=code)
           HIT    'scenario-invalid'  /Users/annenpolka/ghq/github.com/annenpolka/voidtrace/packages/kernel/src/evaluate.ts:44  (exact)
           HIT    'scenario-invalid'  /Users/annenpolka/ghq/github.com/annenpolka/voidtrace/packages/kernel/src/evaluate.ts:184  (exact)
           HIT    'scenario-invalid'  /Users/annenpolka/ghq/github.com/annenpolka/voidtrace/packages/runtime-node/src/application.test.ts:816  (exact field=code)

ONE-SIDED  /Users/annenpolka/ghq/github.com/annenpolka/voidtrace/packages/runtime-node/src/application.ts:194  case == 'catalog-load-failed'
           corpus only ever constructs the true side
           HIT    'catalog-load-failed'  /Users/annenpolka/ghq/github.com/annenpolka/voidtrace/packages/experiments/src/index.ts:39  (exact)
           HIT    'catalog-load-failed'  /Users/annenpolka/ghq/github.com/annenpolka/voidtrace/packages/kernel/src/evaluate.ts:45  (exact)

ONE-SIDED  /Users/annenpolka/ghq/github.com/annenpolka/voidtrace/packages/runtime-node/src/application.ts:195  case == 'catalog-reference-mismatch'
           corpus only ever constructs the true side
           HIT    'catalog-reference-mismatch'  /Users/annenpolka/ghq/github.com/annenpolka/voidtrace/packages/experiments/src/index.ts:41  (exact)
           HIT    'catalog-reference-mismatch'  /Users/annenpolka/ghq/github.com/annenpolka/voidtrace/packages/kernel/src/evaluate.ts:47  (exact)

ONE-SIDED  /Users/annenpolka/ghq/github.com/annenpolka/voidtrace/packages/runtime-node/src/application.ts:196  case == 'ruleset-reference-mismatch'
           corpus only ever constructs the true side
           HIT    'ruleset-reference-mismatch'  /Users/annenpolka/ghq/github.com/annenpolka/voidtrace/packages/experiments/src/index.ts:42  (exact)
           HIT    'ruleset-reference-mismatch'  /Users/annenpolka/ghq/github.com/annenpolka/voidtrace/packages/kernel/src/evaluate.ts:48  (exact)

ONE-SIDED  /Users/annenpolka/ghq/github.com/annenpolka/voidtrace/packages/runtime-node/src/application.ts:197  case == 'catalog-resolution-failed'
           corpus only ever constructs the true side
           HIT    'catalog-resolution-failed'  /Users/annenpolka/ghq/github.com/annenpolka/voidtrace/packages/kernel/src/evaluate.ts:49  (exact)

ONE-SIDED  /Users/annenpolka/ghq/github.com/annenpolka/voidtrace/packages/runtime-node/src/application.ts:198  case == 'ruleset-load-failed'
           corpus only ever constructs the true side
           HIT    'ruleset-load-failed'  /Users/annenpolka/ghq/github.com/annenpolka/voidtrace/packages/experiments/src/index.ts:40  (exact)
           HIT    'ruleset-load-failed'  /Users/annenpolka/ghq/github.com/annenpolka/voidtrace/packages/kernel/src/evaluate.ts:46  (exact)

ONE-SIDED  /Users/annenpolka/ghq/github.com/annenpolka/voidtrace/packages/runtime-node/src/application.ts:200  case == 'rule-execution-failed'
           corpus only ever constructs the true side
           HIT    'rule-execution-failed'  /Users/annenpolka/ghq/github.com/annenpolka/voidtrace/packages/experiments/src/index.test.ts:462  (exact field=code)
           HIT    'rule-execution-failed'  /Users/annenpolka/ghq/github.com/annenpolka/voidtrace/packages/kernel/src/evaluate.ts:53  (exact)

ONE-SIDED  /Users/annenpolka/ghq/github.com/annenpolka/voidtrace/packages/runtime-node/src/application.ts:201  case == 'artifact-construction-failed'
           corpus only ever constructs the true side
           HIT    'artifact-construction-failed'  /Users/annenpolka/ghq/github.com/annenpolka/voidtrace/packages/experiments/src/finite-breakpoint.ts:28  (exact)
           HIT    'artifact-construction-failed'  /Users/annenpolka/ghq/github.com/annenpolka/voidtrace/packages/experiments/src/finite-breakpoint.ts:505  (exact)
           HIT    'artifact-construction-failed'  /Users/annenpolka/ghq/github.com/annenpolka/voidtrace/packages/experiments/src/finite-breakpoint.ts:517  (exact)
           HIT    'artifact-construction-failed'  /Users/annenpolka/ghq/github.com/annenpolka/voidtrace/packages/experiments/src/index.ts:53  (exact)
           HIT    'artifact-construction-failed'  /Users/annenpolka/ghq/github.com/annenpolka/voidtrace/packages/kernel/src/evaluate.ts:54  (exact)

ONE-SIDED  /Users/annenpolka/ghq/github.com/annenpolka/voidtrace/packages/runtime-node/src/application.ts:202  case == 'integrity-check-failed'
           corpus only ever constructs the true side
           HIT    'integrity-check-failed'  /Users/annenpolka/ghq/github.com/annenpolka/voidtrace/packages/experiments/src/finite-breakpoint.ts:29  (exact)
           HIT    'integrity-check-failed'  /Users/annenpolka/ghq/github.com/annenpolka/voidtrace/packages/experiments/src/finite-breakpoint.ts:535  (exact)
           HIT    'integrity-check-failed'  /Users/annenpolka/ghq/github.com/annenpolka/voidtrace/packages/experiments/src/index.test.ts:446  (exact)
           HIT    'integrity-check-failed'  /Users/annenpolka/ghq/github.com/annenpolka/voidtrace/packages/experiments/src/index.ts:54  (exact)
           HIT    'integrity-check-failed'  /Users/annenpolka/ghq/github.com/annenpolka/voidtrace/packages/kernel/src/evaluate.ts:55  (exact)

ONE-SIDED  /Users/annenpolka/ghq/github.com/annenpolka/voidtrace/packages/runtime-node/src/application.ts:215  case == 'catalog-load-failed'
           corpus only ever constructs the true side
           HIT    'catalog-load-failed'  /Users/annenpolka/ghq/github.com/annenpolka/voidtrace/packages/experiments/src/index.ts:39  (exact)
           HIT    'catalog-load-failed'  /Users/annenpolka/ghq/github.com/annenpolka/voidtrace/packages/kernel/src/evaluate.ts:45  (exact)

ONE-SIDED  /Users/annenpolka/ghq/github.com/annenpolka/voidtrace/packages/runtime-node/src/application.ts:216  case == 'catalog-resolution-failed'
           corpus only ever constructs the true side
           HIT    'catalog-resolution-failed'  /Users/annenpolka/ghq/github.com/annenpolka/voidtrace/packages/kernel/src/evaluate.ts:49  (exact)

ONE-SIDED  /Users/annenpolka/ghq/github.com/annenpolka/voidtrace/packages/runtime-node/src/application.ts:218  case == 'scenario-invalid'
           corpus only ever constructs the true side
           HIT    'scenario-invalid'  /Users/annenpolka/ghq/github.com/annenpolka/voidtrace/packages/experiments/src/index.test.ts:406  (exact field=code)
           HIT    'scenario-invalid'  /Users/annenpolka/ghq/github.com/annenpolka/voidtrace/packages/experiments/src/patch-backed-experiment.test.ts:781  (exact field=code)
           HIT    'scenario-invalid'  /Users/annenpolka/ghq/github.com/annenpolka/voidtrace/packages/kernel/src/evaluate.ts:44  (exact)
           HIT    'scenario-invalid'  /Users/annenpolka/ghq/github.com/annenpolka/voidtrace/packages/kernel/src/evaluate.ts:184  (exact)
           HIT    'scenario-invalid'  /Users/annenpolka/ghq/github.com/annenpolka/voidtrace/packages/runtime-node/src/application.test.ts:816  (exact field=code)

ONE-SIDED  /Users/annenpolka/ghq/github.com/annenpolka/voidtrace/packages/runtime-node/src/application.ts:219  case == 'catalog-reference-mismatch'
           corpus only ever constructs the true side
           HIT    'catalog-reference-mismatch'  /Users/annenpolka/ghq/github.com/annenpolka/voidtrace/packages/experiments/src/index.ts:41  (exact)
           HIT    'catalog-reference-mismatch'  /Users/annenpolka/ghq/github.com/annenpolka/voidtrace/packages/kernel/src/evaluate.ts:47  (exact)

ONE-SIDED  /Users/annenpolka/ghq/github.com/annenpolka/voidtrace/packages/runtime-node/src/application.ts:220  case == 'ruleset-reference-mismatch'
           corpus only ever constructs the true side
           HIT    'ruleset-reference-mismatch'  /Users/annenpolka/ghq/github.com/annenpolka/voidtrace/packages/experiments/src/index.ts:42  (exact)
           HIT    'ruleset-reference-mismatch'  /Users/annenpolka/ghq/github.com/annenpolka/voidtrace/packages/kernel/src/evaluate.ts:48  (exact)

ONE-SIDED  /Users/annenpolka/ghq/github.com/annenpolka/voidtrace/packages/runtime-node/src/application.ts:222  case == 'ruleset-load-failed'
           corpus only ever constructs the true side
           HIT    'ruleset-load-failed'  /Users/annenpolka/ghq/github.com/annenpolka/voidtrace/packages/experiments/src/index.ts:40  (exact)
           HIT    'ruleset-load-failed'  /Users/annenpolka/ghq/github.com/annenpolka/voidtrace/packages/kernel/src/evaluate.ts:46  (exact)

ONE-SIDED  /Users/annenpolka/ghq/github.com/annenpolka/voidtrace/packages/runtime-node/src/application.ts:223  case == 'unsupported-delivery'
           corpus only ever constructs the true side
           HIT    'unsupported-delivery'  /Users/annenpolka/ghq/github.com/annenpolka/voidtrace/packages/kernel/src/evaluate.ts:50  (exact)

ONE-SIDED  /Users/annenpolka/ghq/github.com/annenpolka/voidtrace/packages/runtime-node/src/application.ts:224  case == 'rule-execution-failed'
           corpus only ever constructs the true side
           HIT    'rule-execution-failed'  /Users/annenpolka/ghq/github.com/annenpolka/voidtrace/packages/experiments/src/index.test.ts:462  (exact field=code)
           HIT    'rule-execution-failed'  /Users/annenpolka/ghq/github.com/annenpolka/voidtrace/packages/kernel/src/evaluate.ts:53  (exact)

ONE-SIDED  /Users/annenpolka/ghq/github.com/annenpolka/voidtrace/packages/runtime-node/src/application.ts:225  case == 'artifact-construction-failed'
           corpus only ever constructs the true side
           HIT    'artifact-construction-failed'  /Users/annenpolka/ghq/github.com/annenpolka/voidtrace/packages/experiments/src/finite-breakpoint.ts:28  (exact)
           HIT    'artifact-construction-failed'  /Users/annenpolka/ghq/github.com/annenpolka/voidtrace/packages/experiments/src/finite-breakpoint.ts:505  (exact)
           HIT    'artifact-construction-failed'  /Users/annenpolka/ghq/github.com/annenpolka/voidtrace/packages/experiments/src/finite-breakpoint.ts:517  (exact)
           HIT    'artifact-construction-failed'  /Users/annenpolka/ghq/github.com/annenpolka/voidtrace/packages/experiments/src/index.ts:53  (exact)
           HIT    'artifact-construction-failed'  /Users/annenpolka/ghq/github.com/annenpolka/voidtrace/packages/kernel/src/evaluate.ts:54  (exact)

ONE-SIDED  /Users/annenpolka/ghq/github.com/annenpolka/voidtrace/packages/runtime-node/src/application.ts:226  case == 'integrity-check-failed'
           corpus only ever constructs the true side
           HIT    'integrity-check-failed'  /Users/annenpolka/ghq/github.com/annenpolka/voidtrace/packages/experiments/src/finite-breakpoint.ts:29  (exact)
           HIT    'integrity-check-failed'  /Users/annenpolka/ghq/github.com/annenpolka/voidtrace/packages/experiments/src/finite-breakpoint.ts:535  (exact)
           HIT    'integrity-check-failed'  /Users/annenpolka/ghq/github.com/annenpolka/voidtrace/packages/experiments/src/index.test.ts:446  (exact)
           HIT    'integrity-check-failed'  /Users/annenpolka/ghq/github.com/annenpolka/voidtrace/packages/experiments/src/index.ts:54  (exact)
           HIT    'integrity-check-failed'  /Users/annenpolka/ghq/github.com/annenpolka/voidtrace/packages/kernel/src/evaluate.ts:55  (exact)

ONE-SIDED  /Users/annenpolka/ghq/github.com/annenpolka/voidtrace/packages/runtime-node/src/application.ts:228  case == 'unsupported-critical-chance'
           corpus only ever constructs the true side
           HIT    'unsupported-critical-chance'  /Users/annenpolka/ghq/github.com/annenpolka/voidtrace/packages/kernel/src/evaluate.test.ts:3690  (exact field=code)
           HIT    'unsupported-critical-chance'  /Users/annenpolka/ghq/github.com/annenpolka/voidtrace/packages/kernel/src/evaluate.ts:51  (exact)

ONE-SIDED  /Users/annenpolka/ghq/github.com/annenpolka/voidtrace/packages/runtime-node/src/application.ts:229  case == 'unsupported-critical-multiplier'
           corpus only ever constructs the true side
           HIT    'unsupported-critical-multiplier'  /Users/annenpolka/ghq/github.com/annenpolka/voidtrace/packages/kernel/src/evaluate.test.ts:3726  (exact field=code)
           HIT    'unsupported-critical-multiplier'  /Users/annenpolka/ghq/github.com/annenpolka/voidtrace/packages/kernel/src/evaluate.ts:52  (exact)
           HIT    'unsupported-critical-multiplier'  /Users/annenpolka/ghq/github.com/annenpolka/voidtrace/packages/rules/src/errors.ts:13  (exact)
           HIT    'unsupported-critical-multiplier'  /Users/annenpolka/ghq/github.com/annenpolka/voidtrace/packages/rules/src/execution.test.ts:1196  (exact field=code)

ONE-SIDED  /Users/annenpolka/ghq/github.com/annenpolka/voidtrace/specs/contracts/model.pkl:85  Regex in 'd+.d+.d+'
           corpus only ever constructs the true side
           HIT    'd+.d+.d+'  /Users/annenpolka/ghq/github.com/annenpolka/voidtrace/specs/rules/model.pkl:177  (exact)

ONE-SIDED  /Users/annenpolka/ghq/github.com/annenpolka/voidtrace/specs/rules/model.pkl:164  Regex in '[a-z][a-z0-9]*(?:[.-][a-z0-9]+)*'
           corpus only ever constructs the true side
           HIT    '[a-z][a-z0-9]*(?:[.-][a-z0-9]+)*'  /Users/annenpolka/ghq/github.com/annenpolka/voidtrace/specs/rules/model.pkl:167  (exact)
           HIT    '[a-z][a-z0-9]*(?:[.-][a-z0-9]+)*'  /Users/annenpolka/ghq/github.com/annenpolka/voidtrace/specs/rules/model.pkl:176  (exact)

ONE-SIDED  /Users/annenpolka/ghq/github.com/annenpolka/voidtrace/specs/rules/model.pkl:167  Regex in '[a-z][a-z0-9]*(?:[.-][a-z0-9]+)*'
           corpus only ever constructs the true side
           HIT    '[a-z][a-z0-9]*(?:[.-][a-z0-9]+)*'  /Users/annenpolka/ghq/github.com/annenpolka/voidtrace/specs/rules/model.pkl:164  (exact)
           HIT    '[a-z][a-z0-9]*(?:[.-][a-z0-9]+)*'  /Users/annenpolka/ghq/github.com/annenpolka/voidtrace/specs/rules/model.pkl:176  (exact)

ONE-SIDED  /Users/annenpolka/ghq/github.com/annenpolka/voidtrace/specs/rules/model.pkl:176  Regex in '[a-z][a-z0-9]*(?:[.-][a-z0-9]+)*'
           corpus only ever constructs the true side
           HIT    '[a-z][a-z0-9]*(?:[.-][a-z0-9]+)*'  /Users/annenpolka/ghq/github.com/annenpolka/voidtrace/specs/rules/model.pkl:164  (exact)
           HIT    '[a-z][a-z0-9]*(?:[.-][a-z0-9]+)*'  /Users/annenpolka/ghq/github.com/annenpolka/voidtrace/specs/rules/model.pkl:167  (exact)

ONE-SIDED  /Users/annenpolka/ghq/github.com/annenpolka/voidtrace/specs/rules/model.pkl:177  Regex in 'd+.d+.d+'
           corpus only ever constructs the true side
           HIT    'd+.d+.d+'  /Users/annenpolka/ghq/github.com/annenpolka/voidtrace/specs/contracts/model.pkl:85  (exact)
