== leakorder specimen-009 (module global acc) ==
file  /Users/annenpolka/ghq/github.com/annenpolka/brrr/lab-runs/specimen-hdd-20260902-1112/specimens/specimen-009/files/test_order.py
order test_a,test_b  test_a=PASS test_b=FAIL ['a']  leftover={'acc': ['a']}
order test_b,test_a  test_b=PASS test_a=PASS  leftover={'acc': ['a']}
leaked_names  acc
sufficient_exposing_order  test_a,test_b
order_axis  fail=['test_a,test_b'] pass=['test_b,test_a']
exit: 1

== leakorder class-attribute Box.bucket ==
file  /Users/annenpolka/ghq/github.com/annenpolka/brrr/lab-runs/specimen-hdd-20260902-1112/specimens/specimen-060/files/test_class_leak.py
order test_a,test_b  test_a=PASS test_b=FAIL ['a']  leftover={'Box.bucket': ['a']}
order test_b,test_a  test_b=PASS test_a=PASS  leftover={'Box.bucket': ['a']}
leaked_names  Box.bucket
sufficient_exposing_order  test_a,test_b
order_axis  fail=['test_a,test_b'] pass=['test_b,test_a']
exit: 1

== leakorder helper-module bucket ==
file  /Users/annenpolka/ghq/github.com/annenpolka/brrr/lab-runs/specimen-hdd-20260902-1112/lineages/candidate-leakorder/fixtures/helper_pair/test_helper.py
order test_a,test_b  test_a=PASS test_b=FAIL ['a']  leftover={'bucket': ['a']}
order test_b,test_a  test_b=PASS test_a=PASS  leftover={'bucket': ['a']}
leaked_names  bucket
sufficient_exposing_order  test_a,test_b
order_axis  fail=['test_a,test_b'] pass=['test_b,test_a']
exit: 1

