agree	conditions.type	list	conditions	list_json	conditions	elem	conditions	field	type	json	type	optional	default	protobuf	-	identity	x-kubernetes-list-map-keys
agree	env.name	list	env	list_json	env	elem	env	field	name	json	name	optional	default	protobuf	-	identity	x-kubernetes-list-map-keys
agree	ports.containerPort	list	ports	list_json	ports	elem	ports	field	containerPort	json	containerPort	optional	default	protobuf	-	identity	x-kubernetes-list-map-keys
agree	ports.protocol	list	ports	list_json	ports	elem	ports	field	protocol	json	protocol	optional	default	protobuf	-	identity	x-kubernetes-list-map-keys
agree	volumeDevices.devicePath	list	volumeDevices	list_json	volumeDevices	elem	volumeDevices	field	devicePath	json	devicePath	optional	default	protobuf	-	identity	x-kubernetes-list-map-keys
agree	volumeMounts.mountPath	list	volumeMounts	list_json	volumeMounts	elem	volumeMounts	field	mountPath	json	mountPath	optional	default	protobuf	-	identity	x-kubernetes-list-map-keys
agree	containers.name	list	containers	list_json	containers	elem	containers	field	name	json	name	optional	default	protobuf	-	identity	x-kubernetes-list-map-keys
agree	ephemeralContainers.name	list	ephemeralContainers	list_json	ephemeralContainers	elem	ephemeralContainers	field	name	json	name	optional	default	protobuf	-	identity	x-kubernetes-list-map-keys
disagree	hostAliases.ip	list	hostAliases	list_json	hostAliases	elem	hostAliases	field	ip	json	ip	optional	not-required	protobuf	-	identity	x-kubernetes-list-map-keys
disagree	imagePullSecrets.name	list	imagePullSecrets	list_json	imagePullSecrets	elem	imagePullSecrets	field	name	json	name	optional	not-required	protobuf	-	identity	x-kubernetes-list-map-keys
agree	initContainers.name	list	initContainers	list_json	initContainers	elem	initContainers	field	name	json	name	optional	default	protobuf	-	identity	x-kubernetes-list-map-keys
agree	resourceClaims.name	list	resourceClaims	list_json	resourceClaims	elem	resourceClaims	field	name	json	name	optional	default	protobuf	-	identity	x-kubernetes-list-map-keys
agree	schedulingGates.name	list	schedulingGates	list_json	schedulingGates	elem	schedulingGates	field	name	json	name	optional	default	protobuf	-	identity	x-kubernetes-list-map-keys
agree	topologySpreadConstraints.topologyKey	list	topologySpreadConstraints	list_json	topologySpreadConstraints	elem	topologySpreadConstraints	field	topologyKey	json	topologyKey	optional	default	protobuf	-	identity	x-kubernetes-list-map-keys
agree	topologySpreadConstraints.whenUnsatisfiable	list	topologySpreadConstraints	list_json	topologySpreadConstraints	elem	topologySpreadConstraints	field	whenUnsatisfiable	json	whenUnsatisfiable	optional	default	protobuf	-	identity	x-kubernetes-list-map-keys
agree	volumes.name	list	volumes	list_json	volumes	elem	volumes	field	name	json	name	optional	default	protobuf	-	identity	x-kubernetes-list-map-keys
agree	claims.name	list	claims	list_json	claims	elem	claims	field	name	json	name	optional	default	protobuf	-	identity	x-kubernetes-list-map-keys
agree	ownerReferences.uid	list	ownerReferences	list_json	ownerReferences	elem	ownerReferences	field	uid	json	uid	optional	default	protobuf	-	identity	x-kubernetes-list-map-keys
other_omitempty	none
disagree_n	2
agree_n	16
missing_n	0
collision_n	0
unparsed_n	0
