Initialized HDD trial: /Users/annenpolka/ghq/github.com/annenpolka/brrr/.hdd-runs/specimen-hdd-20260902-1112/hdd-tsbuildinfo
Current trial: /Users/annenpolka/ghq/github.com/annenpolka/brrr/.hdd-runs/specimen-hdd-20260902-1112/current -> hdd-tsbuildinfo
initialized trial=hdd-tsbuildinfo seed=lab-runs/specimen-hdd-20260902-1112/seeds/specimen-113.md root=/Users/annenpolka/ghq/github.com/annenpolka/brrr/.hdd-runs/specimen-hdd-20260902-1112
First Selection on disk; contamination gate relaxed.
{
  "at_jst": "2026-09-02 17:23:01 JST",
  "total_credits": 25.0,
  "total_usage": 15.89774554,
  "remaining": 9.10225446
}
{
  "at_jst": "2026-09-02 17:26:34 JST",
  "total_credits": 25.0,
  "total_usage": 15.90489494,
  "remaining": 9.09510506
}
{
  "trial": "hdd-tsbuildinfo",
  "status": "ok",
  "observed_usd": 0.0071494,
  "estimated_usd": 0.02713,
  "iteration": 1
}
