Initialized HDD trial: /Users/annenpolka/ghq/github.com/annenpolka/brrr/.hdd-runs/specimen-hdd-20260902-1112/hdd-diffcache
Current trial: /Users/annenpolka/ghq/github.com/annenpolka/brrr/.hdd-runs/specimen-hdd-20260902-1112/current -> hdd-diffcache
initialized trial=hdd-diffcache seed=lab-runs/specimen-hdd-20260902-1112/seeds/specimen-116.md root=/Users/annenpolka/ghq/github.com/annenpolka/brrr/.hdd-runs/specimen-hdd-20260902-1112
First Selection on disk; contamination gate relaxed.
{
  "at_jst": "2026-09-02 17:23:01 JST",
  "total_credits": 25.0,
  "total_usage": 15.89774554,
  "remaining": 9.10225446
}
{
  "at_jst": "2026-09-02 17:25:46 JST",
  "total_credits": 25.0,
  "total_usage": 15.89774554,
  "remaining": 9.10225446
}
{
  "trial": "hdd-diffcache",
  "status": "ok",
  "observed_usd": 0.0,
  "estimated_usd": 0.026935,
  "iteration": 1
}
