Initialized HDD trial: /Users/annenpolka/ghq/github.com/annenpolka/brrr/.hdd-runs/specimen-hdd-20260902-1112/hdd-ruffnest
Current trial: /Users/annenpolka/ghq/github.com/annenpolka/brrr/.hdd-runs/specimen-hdd-20260902-1112/current -> hdd-ruffnest
initialized trial=hdd-ruffnest seed=lab-runs/specimen-hdd-20260902-1112/seeds/specimen-114.md root=/Users/annenpolka/ghq/github.com/annenpolka/brrr/.hdd-runs/specimen-hdd-20260902-1112
First Selection on disk; contamination gate relaxed.
{
  "at_jst": "2026-09-02 17:23:01 JST",
  "total_credits": 25.0,
  "total_usage": 15.89774554,
  "remaining": 9.10225446
}
{
  "at_jst": "2026-09-02 17:29:10 JST",
  "total_credits": 25.0,
  "total_usage": 15.96610474,
  "remaining": 9.03389526
}
{
  "trial": "hdd-ruffnest",
  "status": "ok",
  "observed_usd": 0.0683592,
  "estimated_usd": 0.028228,
  "iteration": 1
}
