Initialized HDD trial: /Users/annenpolka/ghq/github.com/annenpolka/brrr/.hdd-runs/specimen-hdd-20260902-1112/hdd-taskwild
Current trial: /Users/annenpolka/ghq/github.com/annenpolka/brrr/.hdd-runs/specimen-hdd-20260902-1112/current -> hdd-taskwild
initialized trial=hdd-taskwild seed=lab-runs/specimen-hdd-20260902-1112/seeds/specimen-115.md root=/Users/annenpolka/ghq/github.com/annenpolka/brrr/.hdd-runs/specimen-hdd-20260902-1112
First Selection on disk; contamination gate relaxed.
{
  "at_jst": "2026-09-02 17:23:01 JST",
  "total_credits": 25.0,
  "total_usage": 15.89774554,
  "remaining": 9.10225446
}
{
  "at_jst": "2026-09-02 17:25:21 JST",
  "total_credits": 25.0,
  "total_usage": 15.89774554,
  "remaining": 9.10225446
}
{
  "trial": "hdd-taskwild",
  "status": "ok",
  "observed_usd": 0.0,
  "estimated_usd": 0.026513,
  "iteration": 1
}
