BRINK      app.rs:1609  _ range [0, 5]
           half-open range; constructed value sits on an endpoint
           CUT    0.0  app.rs:454  (inclusive)
           CUT    0.0  app.rs:548  (inclusive)
           CUT    0  app.rs:564  (inclusive)
           CUT    0.0  app.rs:713  (inclusive)
           CUT    0  app.rs:820  (inclusive)
           CUT    -1  app.rs:822  (off-by-one)

BRINK      app.rs:1637  _ range [0, 4]
           half-open range; constructed value sits on an endpoint
           CUT    0.0  app.rs:454  (inclusive)
           CUT    0.0  app.rs:548  (inclusive)
           CUT    0  app.rs:564  (inclusive)
           CUT    3  app.rs:592  (off-by-one)
           CUT    0.0  app.rs:713  (inclusive)
           CUT    0  app.rs:820  (inclusive)

BRINK      app.rs:1641  _ range [0, 4]
           half-open range; constructed value sits on an endpoint
           CUT    0.0  app.rs:454  (inclusive)
           CUT    0.0  app.rs:548  (inclusive)
           CUT    0  app.rs:564  (inclusive)
           CUT    3  app.rs:592  (off-by-one)
           CUT    0.0  app.rs:713  (inclusive)
           CUT    0  app.rs:820  (inclusive)

BRINK      app.rs:2047  app.layout.max_line_number >= 10
           constructed values sit on both sides of the cut
           CUT    9  app.rs:1757  (exclusive)
           CUT    9  app.rs:1816  (exclusive)
           CUT    9  app.rs:3407  (exclusive)
           CUT    9  app.rs:3408  (exclusive)
           CUT    9  app.rs:3428  (exclusive)
           CUT    9  app.rs:3438  (exclusive)

BRINK      app.rs:2075  app.layout.max_line_number < 1000
           exclusive bound; 1000 is constructed (last miss)
           CUT    1000  app.rs:5449  (exclusive)

BRINK      app.rs:2098  app.layout.max_line_number >= 10
           constructed values sit on both sides of the cut
           CUT    9  app.rs:1757  (exclusive)
           CUT    9  app.rs:1816  (exclusive)
           CUT    9  app.rs:3407  (exclusive)
           CUT    9  app.rs:3408  (exclusive)
           CUT    9  app.rs:3428  (exclusive)
           CUT    9  app.rs:3438  (exclusive)

BRINK      app.rs:2455  i range [0, 3]
           half-open range; constructed value sits on an endpoint
           CUT    0  init/settings_json.rs:44  (inclusive field=i)
           CUT    0.0  app.rs:454  (inclusive)
           CUT    0.0  app.rs:548  (inclusive)
           CUT    0  app.rs:564  (inclusive)
           CUT    3  app.rs:592  (exclusive)
           CUT    0.0  app.rs:713  (inclusive)

BRINK      app.rs:2495  i range [0, 3]
           half-open range; constructed value sits on an endpoint
           CUT    0  init/settings_json.rs:44  (inclusive field=i)
           CUT    0.0  app.rs:454  (inclusive)
           CUT    0.0  app.rs:548  (inclusive)
           CUT    0  app.rs:564  (inclusive)
           CUT    3  app.rs:592  (exclusive)
           CUT    0.0  app.rs:713  (inclusive)

BRINK      git.rs:214  range range [0, 2222222]
           half-open range; constructed value sits on an endpoint
           CUT    0  git.rs:67  (inclusive)
           CUT    0  git.rs:74  (inclusive)
           CUT    0  git.rs:78  (inclusive)
           CUT    0  git.rs:85  (inclusive)
           CUT    0  git.rs:86  (inclusive)
           CUT    0  git.rs:87  (inclusive)

BRINK      git.rs:308  range range [1111111, 0]
           half-open range; constructed value sits on an endpoint
           CUT    0  git.rs:67  (exclusive)
           CUT    0  git.rs:74  (exclusive)
           CUT    0  git.rs:78  (exclusive)
           CUT    0  git.rs:85  (exclusive)
           CUT    0  git.rs:86  (exclusive)
           CUT    0  git.rs:87  (exclusive)

BRINK      git.rs:673  legacy.added >= 1
           constructed values sit on both sides of the cut
           CUT    0  git/parse.rs:175  (exclusive field=added)
           CUT    0  git/untracked.rs:180  (exclusive field=added)
           CUT    0  init/install.rs:272  (exclusive field=added)
           CUT    0  init/install.rs:323  (exclusive field=added)
           CUT    0  init/settings_json.rs:128  (exclusive field=added)
           CUT    0  stream.rs:90  (exclusive field=added)

BRINK      git.rs:711  range range [0, 200]
           half-open range; constructed value sits on an endpoint
           CUT    0  git.rs:67  (inclusive)
           CUT    0  git.rs:74  (inclusive)
           CUT    0  git.rs:78  (inclusive)
           CUT    0  git.rs:85  (inclusive)
           CUT    0  git.rs:86  (inclusive)
           CUT    0  git.rs:87  (inclusive)

BRINK      git.rs:755  range range [0, 1024]
           half-open range; constructed value sits on an endpoint
           CUT    0  git.rs:67  (inclusive)
           CUT    0  git.rs:74  (inclusive)
           CUT    0  git.rs:78  (inclusive)
           CUT    0  git.rs:85  (inclusive)
           CUT    0  git.rs:86  (inclusive)
           CUT    0  git.rs:87  (inclusive)

BRINK      git/parse.rs:43  len < 5
           constructed values sit on both sides of the cut
           CUT    5  git/parse.rs:46  (exclusive)
           CUT    4  git/parse.rs:102  (inclusive)
           CUT    4  git/parse.rs:112  (inclusive)

BRINK      hook/tests.rs:524  i range [0, 5]
           half-open range; constructed value sits on an endpoint
           CUT    0  init/settings_json.rs:44  (inclusive field=i)
           CUT    0  hook/tests.rs:113  (inclusive)
           CUT    0  hook/tests.rs:114  (inclusive)
           CUT    0  hook/tests.rs:115  (inclusive)
           CUT    0  hook/tests.rs:129  (inclusive)
           CUT    0  hook/tests.rs:130  (inclusive)

BRINK      ui/diff_view.rs:506  hunk.old_count > 1
           constructed values sit on both sides of the cut
           CUT    1  git.rs:1138  (exclusive field=old_count)
           CUT    1  ui/tests.rs:1313  (exclusive field=old_count)
           CUT    2  git.rs:834  (inclusive field=old_count)
           CUT    2  git.rs:1096  (inclusive field=old_count)
           CUT    2  ui/tests.rs:1241  (inclusive field=old_count)

BRINK      ui/diff_view.rs:515  hunk.new_count > 1
           constructed values sit on both sides of the cut
           CUT    1  git.rs:1140  (exclusive field=new_count)
           CUT    2  git.rs:836  (inclusive field=new_count)
           CUT    2  git.rs:1121  (inclusive field=new_count)

BRINK      ui/geometry.rs:125  viewport_width >= 5
           inclusive bound; 5 is constructed (first/last hit)
           CUT    5  ui/geometry.rs:56  (inclusive)

BRINK      ui/tests.rs:680  range range [0, 120]
           half-open range; constructed value sits on an endpoint
           CUT    -1  ui/tests.rs:32  (off-by-one)
           CUT    0  ui/tests.rs:97  (inclusive)
           CUT    0  ui/tests.rs:132  (inclusive)
           CUT    0  ui/tests.rs:159  (inclusive)
           CUT    0  ui/tests.rs:177  (inclusive)
           CUT    0  ui/tests.rs:189  (inclusive)

BRINK      ui/tests.rs:695  range range [90, 110]
           half-open range; constructed value sits on an endpoint
           CUT    90  ui/tests.rs:1055  (inclusive)

BRINK      ui/tests.rs:782  range range [0, 40]
           half-open range; constructed value sits on an endpoint
           CUT    -1  ui/tests.rs:32  (off-by-one)
           CUT    40  ui/tests.rs:85  (exclusive)
           CUT    0  ui/tests.rs:97  (inclusive)
           CUT    40  ui/tests.rs:123  (exclusive)
           CUT    0  ui/tests.rs:132  (inclusive)
           CUT    40  ui/tests.rs:150  (exclusive)

BRINK      ui/tests.rs:1024  range range [45, 65]
           half-open range; constructed value sits on an endpoint
           CUT    45  ui/tests.rs:762  (inclusive)
           CUT    64  ui/tests.rs:893  (off-by-one)

BRINK      ui/tests.rs:1543  range range [4, 8]
           inclusive range; constructed value sits on an endpoint
           CUT    4  ui/tests.rs:178  (inclusive)
           CUT    3  ui/tests.rs:205  (off-by-one)
           CUT    3  ui/tests.rs:225  (off-by-one)
           CUT    4  ui/tests.rs:229  (inclusive)
           CUT    4  ui/tests.rs:398  (inclusive)
           CUT    9  ui/tests.rs:412  (off-by-one)

SENTINEL   app/layout.rs:317  chunk_cells > 0
           excluded numeric sentinel 0 sits on the cut
           CUT    0  app/layout.rs:314  (exclusive field=chunk_cells)
           CUT    0  app/layout.rs:319  (exclusive field=chunk_cells)
           CUT    0  ui/text_cells.rs:22  (exclusive field=chunk_cells)
           CUT    0  ui/text_cells.rs:32  (exclusive field=chunk_cells)

SENTINEL   app/navigation.rs:159  self.cursor_sub_row != 0
           excluded sentinel sits on the cut
           CUT    0  app/file_view.rs:178  (exact field=cursor_sub_row)
           CUT    0  app/file_view.rs:278  (exact field=cursor_sub_row)
           CUT    0  app/file_view.rs:311  (exact field=cursor_sub_row)
           CUT    0  app/file_view.rs:341  (exact field=cursor_sub_row)
           CUT    0  app/navigation.rs:167  (exact field=cursor_sub_row)
           CUT    0  app.rs:530  (exact field=cursor_sub_row)

SENTINEL   init.rs:267  report.entries_added > 0
           excluded numeric sentinel 0 sits on the cut
           CUT    0  init/install.rs:374  (exclusive field=entries_added)

SENTINEL   init/tests.rs:518  report.entries_added > 0
           excluded numeric sentinel 0 sits on the cut
           CUT    0  init/install.rs:374  (exclusive field=entries_added)

SENTINEL   prompt.rs:416  prev_height > 0
           excluded numeric sentinel 0 sits on the cut
           CUT    0  prompt.rs:413  (exclusive field=prev_height)
           CUT    0  prompt.rs:453  (exclusive field=prev_height)

SENTINEL   prompt.rs:456  prev_height > 0
           excluded numeric sentinel 0 sits on the cut
           CUT    0  prompt.rs:413  (exclusive field=prev_height)
           CUT    0  prompt.rs:453  (exclusive field=prev_height)

SENTINEL   ui/text_cells.rs:29  chunk_cells > 0
           excluded numeric sentinel 0 sits on the cut
           CUT    0  app/layout.rs:314  (exclusive field=chunk_cells)
           CUT    0  app/layout.rs:319  (exclusive field=chunk_cells)
           CUT    0  ui/text_cells.rs:22  (exclusive field=chunk_cells)
           CUT    0  ui/text_cells.rs:32  (exclusive field=chunk_cells)
