OFFBY      Sources/TenaoshiEngine/Adapters/CodexResponsesClient.swift:130  http.statusCode == 401
           same-field neighbor is off by one from the cut
           CUT    400  Tests/TenaoshiEngineTests/StructuredOutputRequestTests.swift:187  (off-by-one d=1 field=statusCode)

OFFBY      Sources/TenaoshiEngine/EditPlan.swift:547  byte == 92
           same-field neighbor is off by one from the cut
           CUT    91  Sources/TenaoshiEngine/EditPlan.swift:495  (off-by-one d=1)
           CUT    93  Sources/TenaoshiEngine/EditPlan.swift:527  (off-by-one d=1)
           CUT    93  Sources/TenaoshiEngine/EditPlan.swift:533  (off-by-one d=1)
           CUT    93  Sources/TenaoshiEngine/EditPlan.swift:566  (off-by-one d=1)

OFFBY      Tests/TenaoshiEngineTests/ReviewSessionTests.swift:43  session.focusedOptionIndex == 2
           same-field neighbor is off by one from the cut
           CUT    3  Tests/TenaoshiEngineTests/ReviewSessionTests.swift:76  (off-by-one d=1)
           CUT    3  Tests/TenaoshiEngineTests/ReviewSessionTests.swift:141  (off-by-one d=1)

OFFBY      Tests/TenaoshiEngineTests/ReviewSessionTests.swift:129  candidates.count == 2
           same-field neighbor is off by one from the cut
           CUT    3  Tests/TenaoshiEngineTests/ReviewSessionTests.swift:76  (off-by-one d=1)
           CUT    3  Tests/TenaoshiEngineTests/ReviewSessionTests.swift:141  (off-by-one d=1)

BRINK      Sources/TenaoshiEngine/EditPlan.swift:256  plan.units.count <= 8
           exclusive bound; 9 is constructed (last miss)
           CUT    9  Sources/TenaoshiEngine/EditPlan.swift:566  (exclusive)
           CUT    9  Sources/TenaoshiEngine/EditPlan.swift:574  (exclusive)

BRINK      Sources/TenaoshiEngine/EditPlan.swift:556  byte < 32
           exclusive bound; 32 is constructed (last miss)
           CUT    32  Sources/TenaoshiEngine/EditPlan.swift:566  (exclusive)
           CUT    32  Sources/TenaoshiEngine/EditPlan.swift:574  (exclusive)

BRINK      Tests/TenaoshiEngineTests/EditPlanComposerTests.swift:107  range range [0, 3]
           half-open range; constructed value sits on an endpoint
           CUT    -1  Tests/TenaoshiEngineTests/EditPlanComposerTests.swift:180  (off-by-one)
           CUT    2  Tests/TenaoshiEngineTests/EditPlanComposerTests.swift:182  (off-by-one)

BRINK      Tests/TenaoshiEngineTests/EditPlanParserTests.swift:173  range range [0, 4]
           half-open range; constructed value sits on an endpoint
           CUT    0  Tests/TenaoshiEngineTests/EditPlanParserTests.swift:92  (inclusive)
           CUT    0  Tests/TenaoshiEngineTests/EditPlanParserTests.swift:122  (inclusive)
           CUT    0  Tests/TenaoshiEngineTests/EditPlanParserTests.swift:123  (inclusive)
           CUT    0  Tests/TenaoshiEngineTests/EditPlanParserTests.swift:301  (inclusive)
           CUT    0  Tests/TenaoshiEngineTests/EditPlanParserTests.swift:542  (inclusive)

BRINK      Tests/TenaoshiEngineTests/EditPlanParserTests.swift:526  range range [0, 6]
           half-open range; constructed value sits on an endpoint
           CUT    0  Tests/TenaoshiEngineTests/EditPlanParserTests.swift:92  (inclusive)
           CUT    0  Tests/TenaoshiEngineTests/EditPlanParserTests.swift:122  (inclusive)
           CUT    0  Tests/TenaoshiEngineTests/EditPlanParserTests.swift:123  (inclusive)
           CUT    0  Tests/TenaoshiEngineTests/EditPlanParserTests.swift:301  (inclusive)
           CUT    0  Tests/TenaoshiEngineTests/EditPlanParserTests.swift:542  (inclusive)

BRINK      Tests/TenaoshiEngineTests/EditPlanParserTests.swift:542  range range [0, 9]
           half-open range; constructed value sits on an endpoint
           CUT    0  Tests/TenaoshiEngineTests/EditPlanParserTests.swift:92  (inclusive)
           CUT    0  Tests/TenaoshiEngineTests/EditPlanParserTests.swift:122  (inclusive)
           CUT    0  Tests/TenaoshiEngineTests/EditPlanParserTests.swift:123  (inclusive)
           CUT    0  Tests/TenaoshiEngineTests/EditPlanParserTests.swift:301  (inclusive)

BRINK      Tests/TenaoshiEngineTests/OraclesGenerated.swift:111  plan.units.count range [0, 8]
           inclusive range; constructed value sits on an endpoint
           CUT    0  Tests/TenaoshiEngineTests/EditPlanContractHarness.swift:277  (inclusive field=count)
           CUT    0  Tests/TenaoshiEngineTests/OraclesGenerated.swift:129  (inclusive)
           CUT    0  Tests/TenaoshiEngineTests/OraclesGenerated.swift:218  (inclusive)
           CUT    -1  Tests/TenaoshiEngineTests/OraclesGenerated.swift:236  (off-by-one)
           CUT    0  Tests/TenaoshiEngineTests/OraclesGenerated.swift:254  (inclusive)
           CUT    0  Tests/TenaoshiEngineTests/OraclesGenerated.swift:308  (inclusive)

SENTINEL   Sources/TenaoshiEngine/EditPlan.swift:276  unit.startGrapheme >= 0
           included numeric sentinel 0 sits on the cut
           CUT    0  Tests/TenaoshiEngineTests/EditPlanInvocationLogTests.swift:17  (inclusive field=startGrapheme)

SENTINEL   Sources/TenaoshiEngine/EditPlanComposer.swift:206  unit.startGrapheme >= 0
           included numeric sentinel 0 sits on the cut
           CUT    0  Tests/TenaoshiEngineTests/EditPlanInvocationLogTests.swift:17  (inclusive field=startGrapheme)

SENTINEL   Sources/TenaoshiEngine/ReviewSession.swift:252  count > 0
           excluded numeric sentinel 0 sits on the cut
           CUT    0  Tests/TenaoshiEngineTests/EditPlanContractHarness.swift:277  (exclusive field=count)

SENTINEL   Sources/TenaoshiEngine/ReviewSession.swift:324  currentUnitIndex > 0
           excluded numeric sentinel 0 sits on the cut
           CUT    0  Sources/TenaoshiEngine/ReviewSession.swift:64  (exclusive field=currentUnitIndex)
           CUT    0  Sources/TenaoshiEngine/ReviewSession.swift:206  (exclusive field=currentUnitIndex)
           CUT    0  Sources/TenaoshiEngine/ReviewSession.swift:229  (exclusive field=currentUnitIndex)

SENTINEL   Sources/TenaoshiEngine/ReviewSession.swift:329  currentBatchIndex > 0
           excluded numeric sentinel 0 sits on the cut
           CUT    0  Sources/TenaoshiEngine/ReviewSession.swift:63  (exclusive field=currentBatchIndex)

SENTINEL   Sources/TenaoshiEngine/TextStructureAnalyzer.swift:268  start > 0
           excluded numeric sentinel 0 sits on the cut
           CUT    0  Tests/TenaoshiEngineTests/EditPlanComposerTests.swift:148  (exclusive field=start)
           CUT    0  Tests/TenaoshiEngineTests/EditPlanComposerTests.swift:226  (exclusive field=start)
           CUT    0  Tests/TenaoshiEngineTests/EditPlanComposerTests.swift:247  (exclusive field=start)
           CUT    0  Tests/TenaoshiEngineTests/EditPlanComposerTests.swift:275  (exclusive field=start)
           CUT    1  Tests/TenaoshiEngineTests/EditPlanComposerTests.swift:42  (inclusive field=start)
           CUT    1  Tests/TenaoshiEngineTests/EditPlanComposerTests.swift:82  (inclusive field=start)
